Archive member included to satisfy reference by file (symbol)

C:/MaximSDK/Libraries/PeriphDrivers/bin/MAX78000/softfp/libPeriphDriver_softfp.a(mxc_delay.o)
                              c:/MaximSDK/Examples/MAX78000/CNN/cloud_types/build/main.o (MXC_Delay)
C:/MaximSDK/Libraries/PeriphDrivers/bin/MAX78000/softfp/libPeriphDriver_softfp.a(nvic_table.o)
                              c:/MaximSDK/Examples/MAX78000/CNN/cloud_types/build/cnn.o (MXC_NVIC_SetVector)
C:/MaximSDK/Libraries/PeriphDrivers/bin/MAX78000/softfp/libPeriphDriver_softfp.a(pins_ai85.o)
                              c:/MaximSDK/Examples/MAX78000/CNN/cloud_types/build/camera.o (gpio_cfg_pcif_xclk)
C:/MaximSDK/Libraries/PeriphDrivers/bin/MAX78000/softfp/libPeriphDriver_softfp.a(sys_ai85.o)
                              c:/MaximSDK/Examples/MAX78000/CNN/cloud_types/build/cnn.o (MXC_SYS_ClockDisable)
C:/MaximSDK/Libraries/PeriphDrivers/bin/MAX78000/softfp/libPeriphDriver_softfp.a(aes_me17.o)
                              C:/MaximSDK/Libraries/PeriphDrivers/bin/MAX78000/softfp/libPeriphDriver_softfp.a(sys_ai85.o) (MXC_AES_Init)
C:/MaximSDK/Libraries/PeriphDrivers/bin/MAX78000/softfp/libPeriphDriver_softfp.a(aes_revb.o)
                              C:/MaximSDK/Libraries/PeriphDrivers/bin/MAX78000/softfp/libPeriphDriver_softfp.a(aes_me17.o) (MXC_AES_RevB_Init)
C:/MaximSDK/Libraries/PeriphDrivers/bin/MAX78000/softfp/libPeriphDriver_softfp.a(cameraif_ai85.o)
                              c:/MaximSDK/Examples/MAX78000/CNN/cloud_types/build/camera.o (MXC_PCIF_Init)
C:/MaximSDK/Libraries/PeriphDrivers/bin/MAX78000/softfp/libPeriphDriver_softfp.a(cameraif_reva.o)
                              C:/MaximSDK/Libraries/PeriphDrivers/bin/MAX78000/softfp/libPeriphDriver_softfp.a(cameraif_ai85.o) (MXC_PCIF_RevA_SetDatawidth)
C:/MaximSDK/Libraries/PeriphDrivers/bin/MAX78000/softfp/libPeriphDriver_softfp.a(dma_me17.o)
                              c:/MaximSDK/Examples/MAX78000/CNN/cloud_types/build/main.o (MXC_DMA_Init)
C:/MaximSDK/Libraries/PeriphDrivers/bin/MAX78000/softfp/libPeriphDriver_softfp.a(dma_reva.o)
                              C:/MaximSDK/Libraries/PeriphDrivers/bin/MAX78000/softfp/libPeriphDriver_softfp.a(dma_me17.o) (MXC_DMA_RevA_Init)
C:/MaximSDK/Libraries/PeriphDrivers/bin/MAX78000/softfp/libPeriphDriver_softfp.a(flc_me17.o)
                              C:/MaximSDK/Libraries/PeriphDrivers/bin/MAX78000/softfp/libPeriphDriver_softfp.a(sys_ai85.o) (MXC_FLC_UnlockInfoBlock)
C:/MaximSDK/Libraries/PeriphDrivers/bin/MAX78000/softfp/libPeriphDriver_softfp.a(flc_reva.o)
                              C:/MaximSDK/Libraries/PeriphDrivers/bin/MAX78000/softfp/libPeriphDriver_softfp.a(flc_me17.o) (MXC_FLC_RevA_Busy)
C:/MaximSDK/Libraries/PeriphDrivers/bin/MAX78000/softfp/libPeriphDriver_softfp.a(gpio_ai85.o)
                              c:/MaximSDK/Examples/MAX78000/CNN/cloud_types/build/cnn.o (MXC_GPIO_Config)
C:/MaximSDK/Libraries/PeriphDrivers/bin/MAX78000/softfp/libPeriphDriver_softfp.a(gpio_reva.o)
                              C:/MaximSDK/Libraries/PeriphDrivers/bin/MAX78000/softfp/libPeriphDriver_softfp.a(gpio_ai85.o) (MXC_GPIO_RevA_InGet)
C:/MaximSDK/Libraries/PeriphDrivers/bin/MAX78000/softfp/libPeriphDriver_softfp.a(i2c_me17.o)
                              c:/MaximSDK/Examples/MAX78000/CNN/cloud_types/build/max20303.o (MXC_I2C_Init)
C:/MaximSDK/Libraries/PeriphDrivers/bin/MAX78000/softfp/libPeriphDriver_softfp.a(i2c_reva.o)
                              C:/MaximSDK/Libraries/PeriphDrivers/bin/MAX78000/softfp/libPeriphDriver_softfp.a(i2c_me17.o) (MXC_I2C_RevA_DMACallback)
C:/MaximSDK/Libraries/PeriphDrivers/bin/MAX78000/softfp/libPeriphDriver_softfp.a(icc_me17.o)
                              c:/MaximSDK/Examples/MAX78000/CNN/cloud_types/build/main.o (MXC_ICC_Enable)
C:/MaximSDK/Libraries/PeriphDrivers/bin/MAX78000/softfp/libPeriphDriver_softfp.a(icc_reva.o)
                              C:/MaximSDK/Libraries/PeriphDrivers/bin/MAX78000/softfp/libPeriphDriver_softfp.a(icc_me17.o) (MXC_ICC_RevA_ID)
C:/MaximSDK/Libraries/PeriphDrivers/bin/MAX78000/softfp/libPeriphDriver_softfp.a(pt_ai85.o)
                              c:/MaximSDK/Examples/MAX78000/CNN/cloud_types/build/camera.o (MXC_PT_Init)
C:/MaximSDK/Libraries/PeriphDrivers/bin/MAX78000/softfp/libPeriphDriver_softfp.a(pt_reva.o)
                              C:/MaximSDK/Libraries/PeriphDrivers/bin/MAX78000/softfp/libPeriphDriver_softfp.a(pt_ai85.o) (MXC_PT_RevA_Init)
C:/MaximSDK/Libraries/PeriphDrivers/bin/MAX78000/softfp/libPeriphDriver_softfp.a(spi_me17.o)
                              c:/MaximSDK/Examples/MAX78000/CNN/cloud_types/build/tft_ili9341.o (MXC_SPI_Init)
C:/MaximSDK/Libraries/PeriphDrivers/bin/MAX78000/softfp/libPeriphDriver_softfp.a(spi_reva1.o)
                              C:/MaximSDK/Libraries/PeriphDrivers/bin/MAX78000/softfp/libPeriphDriver_softfp.a(spi_me17.o) (MXC_SPI_RevA1_Init)
[...]
Memory Configuration

Name             Origin             Length             Attributes
ROM              0x00000000         0x00010000         xr
FLASH            0x10000000         0x00080000         xr
SRAM             0x20000000         0x00020000         xrw
*default*        0x00000000         0xffffffff

Linker script and memory map

LOAD c:/maximsdk/tools/gnutools/10.3/bin/../lib/gcc/arm-none-eabi/10.3.1/thumb/v7e-m+fp/softfp/crti.o
LOAD c:/maximsdk/tools/gnutools/10.3/bin/../lib/gcc/arm-none-eabi/10.3.1/thumb/v7e-m+fp/softfp/crtbegin.o
LOAD c:/maximsdk/tools/gnutools/10.3/bin/../lib/gcc/arm-none-eabi/10.3.1/../../../../arm-none-eabi/lib/thumb/v7e-m+fp/softfp/crt0.o
LOAD c:/MaximSDK/Examples/MAX78000/CNN/cloud_types/build/img_1_rgb565.o
LOAD c:/MaximSDK/Examples/MAX78000/CNN/cloud_types/build/logo_rgb565.o
LOAD c:/MaximSDK/Examples/MAX78000/CNN/cloud_types/build/cnn.o
LOAD c:/MaximSDK/Examples/MAX78000/CNN/cloud_types/build/main.o
LOAD c:/MaximSDK/Examples/MAX78000/CNN/cloud_types/build/softmax.o
LOAD c:/MaximSDK/Examples/MAX78000/CNN/cloud_types/build/board.o
LOAD c:/MaximSDK/Examples/MAX78000/CNN/cloud_types/build/stdio.o
LOAD c:/MaximSDK/Examples/MAX78000/CNN/cloud_types/build/led.o
LOAD c:/MaximSDK/Examples/MAX78000/CNN/cloud_types/build/pb.o
LOAD c:/MaximSDK/Examples/MAX78000/CNN/cloud_types/build/tft_ili9341.o
LOAD c:/MaximSDK/Examples/MAX78000/CNN/cloud_types/build/camera.o
LOAD c:/MaximSDK/Examples/MAX78000/CNN/cloud_types/build/ov7692.o
LOAD c:/MaximSDK/Examples/MAX78000/CNN/cloud_types/build/sccb.o
LOAD c:/MaximSDK/Examples/MAX78000/CNN/cloud_types/build/max20303.o
LOAD c:/MaximSDK/Examples/MAX78000/CNN/cloud_types/build/max9867.o
LOAD c:/MaximSDK/Examples/MAX78000/CNN/cloud_types/build/N01S830HA.o
LOAD c:/MaximSDK/Examples/MAX78000/CNN/cloud_types/build/fastspi.o
LOAD c:/MaximSDK/Examples/MAX78000/CNN/cloud_types/build/LiberationSans16x16.o
LOAD c:/MaximSDK/Examples/MAX78000/CNN/cloud_types/build/startup_max78000.o
LOAD c:/MaximSDK/Examples/MAX78000/CNN/cloud_types/build/heap.o
LOAD c:/MaximSDK/Examples/MAX78000/CNN/cloud_types/build/system_max78000.o
START GROUP
LOAD C:/MaximSDK/Libraries/PeriphDrivers/bin/MAX78000/softfp/libPeriphDriver_softfp.a
LOAD c:/maximsdk/tools/gnutools/10.3/bin/../lib/gcc/arm-none-eabi/10.3.1/../../../../arm-none-eabi/lib/thumb/v7e-m+fp/softfp\libc.a
LOAD c:/maximsdk/tools/gnutools/10.3/bin/../lib/gcc/arm-none-eabi/10.3.1/../../../../arm-none-eabi/lib/thumb/v7e-m+fp/softfp\libm.a
LOAD c:/maximsdk/tools/gnutools/10.3/bin/../lib/gcc/arm-none-eabi/10.3.1/../../../../arm-none-eabi/lib/thumb/v7e-m+fp/softfp\libnosys.a
END GROUP
START GROUP
LOAD c:/maximsdk/tools/gnutools/10.3/bin/../lib/gcc/arm-none-eabi/10.3.1/thumb/v7e-m+fp/softfp\libgcc.a
LOAD c:/maximsdk/tools/gnutools/10.3/bin/../lib/gcc/arm-none-eabi/10.3.1/../../../../arm-none-eabi/lib/thumb/v7e-m+fp/softfp\libc.a
END GROUP
LOAD c:/maximsdk/tools/gnutools/10.3/bin/../lib/gcc/arm-none-eabi/10.3.1/thumb/v7e-m+fp/softfp/crtend.o
LOAD c:/maximsdk/tools/gnutools/10.3/bin/../lib/gcc/arm-none-eabi/10.3.1/thumb/v7e-m+fp/softfp/crtn.o

.rom
 *(.rom_vector)
 *(.rom_handlers*)

.text           0x10000000    0x1d41c
                0x10000000                _text = .
 *(.isr_vector)
 .isr_vector    0x10000000      0x1e0 c:/MaximSDK/Examples/MAX78000/CNN/cloud_types/build/startup_max78000.o
                0x10000000                __isr_vector
 EXCLUDE_FILE(*riscv.o) *(.text*)
 .text          0x100001e0       0x40 c:/maximsdk/tools/gnutools/10.3/bin/../lib/gcc/arm-none-eabi/10.3.1/thumb/v7e-m+fp/softfp/crtbegin.o
 .text.CNN_ISR  0x10000220       0x50 c:/MaximSDK/Examples/MAX78000/CNN/cloud_types/build/cnn.o
                0x10000220                CNN_ISR
 .text.cnn_stop
                0x10000270       0x14 c:/MaximSDK/Examples/MAX78000/CNN/cloud_types/build/cnn.o
                0x10000270                cnn_stop
 .text.cnn_load_weights
                0x10000284       0x4c c:/MaximSDK/Examples/MAX78000/CNN/cloud_types/build/cnn.o
                0x10000284                cnn_load_weights
 .text.cnn_load_bias
                0x100002d0       0x1c c:/MaximSDK/Examples/MAX78000/CNN/cloud_types/build/cnn.o
                0x100002d0                cnn_load_bias
 .text.cnn_init
                0x100002ec       0x54 c:/MaximSDK/Examples/MAX78000/CNN/cloud_types/build/cnn.o
                0x100002ec                cnn_init
 .text.cnn_configure
                0x10000340      0x7e4 c:/MaximSDK/Examples/MAX78000/CNN/cloud_types/build/cnn.o
                0x10000340                cnn_configure
 .text.cnn_start
                0x10000b24       0x50 c:/MaximSDK/Examples/MAX78000/CNN/cloud_types/build/cnn.o
                0x10000b24                cnn_start
 .text.cnn_unload
                0x10000b74       0x1c c:/MaximSDK/Examples/MAX78000/CNN/cloud_types/build/cnn.o
                0x10000b74                cnn_unload
 .text.cnn_enable
                0x10000b90       0x3c c:/MaximSDK/Examples/MAX78000/CNN/cloud_types/build/cnn.o
                0x10000b90                cnn_enable
 .text.cnn_boost_enable
                0x10000bcc       0x24 c:/MaximSDK/Examples/MAX78000/CNN/cloud_types/build/cnn.o
                0x10000bcc                cnn_boost_enable
 .text.capture_process_camera
                0x10000bf0       0xa4 c:/MaximSDK/Examples/MAX78000/CNN/cloud_types/build/main.o
                0x10000bf0                capture_process_camera
 .text.printUint32Data
                0x10000c94       0xb4 c:/MaximSDK/Examples/MAX78000/CNN/cloud_types/build/main.o
                0x10000c94                printUint32Data
 .text.startup.main
                0x10000d48      0x19c c:/MaximSDK/Examples/MAX78000/CNN/cloud_types/build/main.o
                0x10000d48                main
 .text.softmax_q17p14_q15
                0x10000ee4       0xa8 c:/MaximSDK/Examples/MAX78000/CNN/cloud_types/build/softmax.o
                0x10000ee4                softmax_q17p14_q15
 .text.mxc_assert
                0x10000f8c       0x10 c:/MaximSDK/Examples/MAX78000/CNN/cloud_types/build/board.o
                0x10000f8c                mxc_assert
 .text.GPIO0_IRQHandler
                0x10000f9c        0x8 c:/MaximSDK/Examples/MAX78000/CNN/cloud_types/build/board.o
                0x10000f9c                GPIO0_IRQHandler
 .text.GPIO1_IRQHandler
                0x10000fa4        0x8 c:/MaximSDK/Examples/MAX78000/CNN/cloud_types/build/board.o
                0x10000fa4                GPIO1_IRQHandler
 .text.Board_Init
                0x10000fac       0x6c c:/MaximSDK/Examples/MAX78000/CNN/cloud_types/build/board.o
                0x10000fac                Board_Init
 .text.NMI_Handler
                0x10001018        0x4 c:/MaximSDK/Examples/MAX78000/CNN/cloud_types/build/board.o
                0x10001018                NMI_Handler
 .text.Camera_Power
                0x1000101c       0x1c c:/MaximSDK/Examples/MAX78000/CNN/cloud_types/build/board.o
                0x1000101c                Camera_Power
 .text._close   0x10001038        0x8 c:/MaximSDK/Examples/MAX78000/CNN/cloud_types/build/stdio.o
                0x10001038                _close
 .text._isatty  0x10001040        0x8 c:/MaximSDK/Examples/MAX78000/CNN/cloud_types/build/stdio.o
                0x10001040                _isatty
 .text._lseek   0x10001048        0x8 c:/MaximSDK/Examples/MAX78000/CNN/cloud_types/build/stdio.o
                0x10001048                _lseek
 .text._fstat   0x10001050        0x8 c:/MaximSDK/Examples/MAX78000/CNN/cloud_types/build/stdio.o
                0x10001050                _fstat
 .text._read    0x10001058       0x50 c:/MaximSDK/Examples/MAX78000/CNN/cloud_types/build/stdio.o
                0x10001058                _read
 .text._write   0x100010a8       0x54 c:/MaximSDK/Examples/MAX78000/CNN/cloud_types/build/stdio.o
                0x100010a8                _write
 .text.LED_Init
                0x100010fc       0x40 c:/MaximSDK/Examples/MAX78000/CNN/cloud_types/build/led.o
                0x100010fc                LED_Init
 .text.LED_On   0x1000113c       0x40 c:/MaximSDK/Examples/MAX78000/CNN/cloud_types/build/led.o
                0x1000113c                LED_On
 .text.LED_Off  0x1000117c       0x40 c:/MaximSDK/Examples/MAX78000/CNN/cloud_types/build/led.o
                0x1000117c                LED_Off
 .text.PB_Init  0x100011bc       0x38 c:/MaximSDK/Examples/MAX78000/CNN/cloud_types/build/pb.o
                0x100011bc                PB_Init
 .text.camera_irq_handler
                0x100011f4      0x13c c:/MaximSDK/Examples/MAX78000/CNN/cloud_types/build/camera.o
                0x100011f4                camera_irq_handler
 .text.stream_callback
                0x10001330       0xbc c:/MaximSDK/Examples/MAX78000/CNN/cloud_types/build/camera.o
 .text.setup_dma
                0x100013ec       0x94 c:/MaximSDK/Examples/MAX78000/CNN/cloud_types/build/camera.o
 .text.stream_irq_handler
                0x10001480        0x4 c:/MaximSDK/Examples/MAX78000/CNN/cloud_types/build/camera.o
                0x10001480                stream_irq_handler
 .text.camera_init
                0x10001484      0x12c c:/MaximSDK/Examples/MAX78000/CNN/cloud_types/build/camera.o
                0x10001484                camera_init
 .text.camera_setup
                0x100015b0      0x1d8 c:/MaximSDK/Examples/MAX78000/CNN/cloud_types/build/camera.o
                0x100015b0                camera_setup
 .text.camera_write_reg
                0x10001788        0xc c:/MaximSDK/Examples/MAX78000/CNN/cloud_types/build/camera.o
                0x10001788                camera_write_reg
 .text.camera_start_capture_image
                0x10001794       0x3c c:/MaximSDK/Examples/MAX78000/CNN/cloud_types/build/camera.o
                0x10001794                camera_start_capture_image
 .text.camera_is_image_rcv
                0x100017d0       0x10 c:/MaximSDK/Examples/MAX78000/CNN/cloud_types/build/camera.o
                0x100017d0                camera_is_image_rcv
 .text.camera_get_image
                0x100017e0       0x3c c:/MaximSDK/Examples/MAX78000/CNN/cloud_types/build/camera.o
                0x100017e0                camera_get_image
 .text.get_camera_stream_buffer
                0x1000181c        0xc c:/MaximSDK/Examples/MAX78000/CNN/cloud_types/build/camera.o
                0x1000181c                get_camera_stream_buffer
 .text.release_camera_stream_buffer
                0x10001828        0xc c:/MaximSDK/Examples/MAX78000/CNN/cloud_types/build/camera.o
                0x10001828                release_camera_stream_buffer
 .text.get_camera_stream_statistic
                0x10001834        0x8 c:/MaximSDK/Examples/MAX78000/CNN/cloud_types/build/camera.o
                0x10001834                get_camera_stream_statistic
 .text.init     0x1000183c       0x10 c:/MaximSDK/Examples/MAX78000/CNN/cloud_types/build/ov7692.o
 .text.get_slave_address
                0x1000184c        0xc c:/MaximSDK/Examples/MAX78000/CNN/cloud_types/build/ov7692.o
 .text.get_pixformat
                0x10001858       0x10 c:/MaximSDK/Examples/MAX78000/CNN/cloud_types/build/ov7692.o
 .text.set_saturation
                0x10001868        0x4 c:/MaximSDK/Examples/MAX78000/CNN/cloud_types/build/ov7692.o
 .text.get_luminance
                0x1000186c       0x60 c:/MaximSDK/Examples/MAX78000/CNN/cloud_types/build/ov7692.o
 .text.read_reg
                0x100018cc       0x20 c:/MaximSDK/Examples/MAX78000/CNN/cloud_types/build/ov7692.o
 .text.get_manufacture_id
                0x100018ec       0x3c c:/MaximSDK/Examples/MAX78000/CNN/cloud_types/build/ov7692.o
 .text.get_product_id
                0x10001928       0x3c c:/MaximSDK/Examples/MAX78000/CNN/cloud_types/build/ov7692.o
 .text.set_negateimage
                0x10001964       0x90 c:/MaximSDK/Examples/MAX78000/CNN/cloud_types/build/ov7692.o
 .text.set_vflip
                0x100019f4       0x3c c:/MaximSDK/Examples/MAX78000/CNN/cloud_types/build/ov7692.o
 .text.set_hmirror
                0x10001a30       0x3c c:/MaximSDK/Examples/MAX78000/CNN/cloud_types/build/ov7692.o
 .text.set_colorbar
                0x10001a6c       0x3c c:/MaximSDK/Examples/MAX78000/CNN/cloud_types/build/ov7692.o
 .text.set_gainceiling
                0x10001aa8       0xa0 c:/MaximSDK/Examples/MAX78000/CNN/cloud_types/build/ov7692.o
 .text.set_brightness
                0x10001b48       0xa8 c:/MaximSDK/Examples/MAX78000/CNN/cloud_types/build/ov7692.o
 .text.set_contrast
                0x10001bf0       0xa0 c:/MaximSDK/Examples/MAX78000/CNN/cloud_types/build/ov7692.o
 .text.set_windowing
                0x10001c90      0x120 c:/MaximSDK/Examples/MAX78000/CNN/cloud_types/build/ov7692.o
 .text.set_framesize
                0x10001db0       0xcc c:/MaximSDK/Examples/MAX78000/CNN/cloud_types/build/ov7692.o
 .text.set_pixformat
                0x10001e7c       0x54 c:/MaximSDK/Examples/MAX78000/CNN/cloud_types/build/ov7692.o
 .text.write_reg
                0x10001ed0       0x18 c:/MaximSDK/Examples/MAX78000/CNN/cloud_types/build/ov7692.o
 .text.sleep    0x10001ee8       0x3c c:/MaximSDK/Examples/MAX78000/CNN/cloud_types/build/ov7692.o
 .text.reset    0x10001f24       0x64 c:/MaximSDK/Examples/MAX78000/CNN/cloud_types/build/ov7692.o
 .text.dump_registers
                0x10001f88       0xa8 c:/MaximSDK/Examples/MAX78000/CNN/cloud_types/build/ov7692.o
 .text.sensor_register
                0x10002030       0xbc c:/MaximSDK/Examples/MAX78000/CNN/cloud_types/build/ov7692.o
                0x10002030                sensor_register
 .text.send_byte
                0x100020ec       0x68 c:/MaximSDK/Examples/MAX78000/CNN/cloud_types/build/sccb.o
 .text.get_byte
                0x10002154       0x50 c:/MaximSDK/Examples/MAX78000/CNN/cloud_types/build/sccb.o
 .text.sccb_init
                0x100021a4       0x30 c:/MaximSDK/Examples/MAX78000/CNN/cloud_types/build/sccb.o
                0x100021a4                sccb_init
 .text.sccb_read_byt
                0x100021d4      0x11c c:/MaximSDK/Examples/MAX78000/CNN/cloud_types/build/sccb.o
                0x100021d4                sccb_read_byt
 .text.sccb_write_byt
                0x100022f0       0xa4 c:/MaximSDK/Examples/MAX78000/CNN/cloud_types/build/sccb.o
                0x100022f0                sccb_write_byt
 .text.reg_read
                0x10002394       0x78 c:/MaximSDK/Examples/MAX78000/CNN/cloud_types/build/max20303.o
 .text.reg_write
                0x1000240c       0x60 c:/MaximSDK/Examples/MAX78000/CNN/cloud_types/build/max20303.o
 .text.reg_write_buf.constprop.0
                0x1000246c       0x70 c:/MaximSDK/Examples/MAX78000/CNN/cloud_types/build/max20303.o
 .text.max20303_camera_power
                0x100024dc       0x68 c:/MaximSDK/Examples/MAX78000/CNN/cloud_types/build/max20303.o
                0x100024dc                max20303_camera_power
 .text.max20303_init
                0x10002544       0x68 c:/MaximSDK/Examples/MAX78000/CNN/cloud_types/build/max20303.o
                0x10002544                max20303_init
 .text          0x100025ac      0x148 c:/MaximSDK/Examples/MAX78000/CNN/cloud_types/build/startup_max78000.o
                0x100025ac                Reset_Handler
                0x100025ea                HardFault_Handler
                0x100025ec                MemManage_Handler
                0x100025ee                BusFault_Handler
                0x100025f0                UsageFault_Handler
                0x100025f2                SVC_Handler
                0x100025f4                DebugMon_Handler
                0x100025f6                PendSV_Handler
                0x100025f8                SysTick_Handler
                0x100025fa                Default_Handler
                0x100025fc                PF_IRQHandler
                0x100025fe                WDT0_IRQHandler
                0x10002600                RSV02_IRQHandler
                0x10002602                RTC_IRQHandler
                0x10002604                TRNG_IRQHandler
                0x10002606                TMR0_IRQHandler
                0x10002608                TMR1_IRQHandler
                0x1000260a                TMR2_IRQHandler
                0x1000260c                TMR3_IRQHandler
                0x1000260e                TMR4_IRQHandler
                0x10002610                TMR5_IRQHandler
                0x10002612                RSV11_IRQHandler
                0x10002614                RSV12_IRQHandler
                0x10002616                I2C0_IRQHandler
                0x10002618                UART0_IRQHandler
                0x1000261a                UART1_IRQHandler
                0x1000261c                SPI1_IRQHandler
                0x1000261e                RSV17_IRQHandler
                0x10002620                RSV18_IRQHandler
                0x10002622                RSV19_IRQHandler
                0x10002624                ADC_IRQHandler
                0x10002626                RSV21_IRQHandler
                0x10002628                RSV22_IRQHandler
                0x1000262a                FLC0_IRQHandler
                0x10002630                GPIO2_IRQHandler
                0x10002632                RSV27_IRQHandler
                0x10002634                DMA0_IRQHandler
                0x10002636                DMA1_IRQHandler
                0x10002638                DMA2_IRQHandler
                0x1000263a                DMA3_IRQHandler
                0x1000263c                RSV32_IRQHandler
                0x1000263e                RSV33_IRQHandler
                0x10002640                UART2_IRQHandler
                0x10002642                RSV35_IRQHandler
                0x10002644                I2C1_IRQHandler
                0x10002646                RSV37_IRQHandler
                0x10002648                RSV38_IRQHandler
                0x1000264a                RSV39_IRQHandler
                0x1000264c                RSV40_IRQHandler
                0x1000264e                RSV41_IRQHandler
                0x10002650                RSV42_IRQHandler
                0x10002652                RSV43_IRQHandler
                0x10002654                RSV44_IRQHandler
                0x10002656                RSV45_IRQHandler
                0x10002658                RSV46_IRQHandler
                0x1000265a                RSV47_IRQHandler
                0x1000265c                RSV48_IRQHandler
                0x1000265e                RSV49_IRQHandler
                0x10002660                RSV50_IRQHandler
                0x10002662                RSV51_IRQHandler
                0x10002664                RSV52_IRQHandler
                0x10002666                WUT_IRQHandler
                0x10002668                GPIOWAKE_IRQHandler
                0x1000266a                RSV55_IRQHandler
                0x1000266c                SPI0_IRQHandler
                0x1000266e                WDT1_IRQHandler
                0x10002670                RSV58_IRQHandler
                0x10002672                PT_IRQHandler
                0x10002674                RSV60_IRQHandler
                0x10002676                RSV61_IRQHandler
                0x10002678                I2C2_IRQHandler
                0x1000267a                RISCV_IRQHandler
                0x1000267c                RSV64_IRQHandler
                0x1000267e                RSV65_IRQHandler
                0x10002680                RSV66_IRQHandler
                0x10002682                OWM_IRQHandler
                0x10002684                RSV68_IRQHandler
                0x10002686                RSV69_IRQHandler
                0x10002688                RSV70_IRQHandler
                0x1000268a                RSV71_IRQHandler
                0x1000268c                RSV72_IRQHandler
                0x1000268e                RSV73_IRQHandler
                0x10002690                RSV74_IRQHandler
                0x10002692                RSV75_IRQHandler
                0x10002694                RSV76_IRQHandler
                0x10002696                RSV77_IRQHandler
                0x10002698                RSV78_IRQHandler
                0x1000269a                RSV79_IRQHandler
                0x1000269c                RSV80_IRQHandler
                0x1000269e                RSV81_IRQHandler
                0x100026a0                ECC_IRQHandler
                0x100026a2                DVS_IRQHandler
                0x100026a4                SIMO_IRQHandler
                0x100026a6                RSV85_IRQHandler
                0x100026a8                RSV86_IRQHandler
                0x100026aa                RSV87_IRQHandler
                0x100026ac                UART3_IRQHandler
                0x100026ae                RSV89_IRQHandler
                0x100026b0                RSV90_IRQHandler
                0x100026b2                PCIF_IRQHandler
                0x100026b4                RSV92_IRQHandler
                0x100026b6                RSV93_IRQHandler
                0x100026b8                RSV94_IRQHandler
                0x100026ba                RSV95_IRQHandler
                0x100026bc                RSV96_IRQHandler
                0x100026be                AES_IRQHandler
                0x100026c0                RSV98_IRQHandler
                0x100026c2                I2S_IRQHandler
                0x100026c4                CNN_FIFO_IRQHandler
                0x100026c6                CNN_IRQHandler
                0x100026c8                RSV102_IRQHandler
                0x100026ca                LPCMP_IRQHandler
 .text._sbrk    0x100026f4       0x3c c:/MaximSDK/Examples/MAX78000/CNN/cloud_types/build/heap.o
                0x100026f4                _sbrk
 .text._getpid  0x10002730        0x8 c:/MaximSDK/Examples/MAX78000/CNN/cloud_types/build/system_max78000.o
                0x10002730                _getpid
 .text._kill    0x10002738        0x8 c:/MaximSDK/Examples/MAX78000/CNN/cloud_types/build/system_max78000.o
                0x10002738                _kill
 .text.SystemCoreClockUpdate
                0x10002740       0x68 c:/MaximSDK/Examples/MAX78000/CNN/cloud_types/build/system_max78000.o
                0x10002740                SystemCoreClockUpdate
 .text.PreInit  0x100027a8        0x4 c:/MaximSDK/Examples/MAX78000/CNN/cloud_types/build/system_max78000.o
                0x100027a8                PreInit
 .text.SystemInit
                0x100027ac       0x38 c:/MaximSDK/Examples/MAX78000/CNN/cloud_types/build/system_max78000.o
                0x100027ac                SystemInit
 .text.MXC_DelayInit
                0x100027e4       0x7c C:/MaximSDK/Libraries/PeriphDrivers/bin/MAX78000/softfp/libPeriphDriver_softfp.a(mxc_delay.o)
 .text.MXC_DelayAsync
                0x10002860       0x3c C:/MaximSDK/Libraries/PeriphDrivers/bin/MAX78000/softfp/libPeriphDriver_softfp.a(mxc_delay.o)
                0x10002860                MXC_DelayAsync
 .text.MXC_DelayCheck
                0x1000289c       0x70 C:/MaximSDK/Libraries/PeriphDrivers/bin/MAX78000/softfp/libPeriphDriver_softfp.a(mxc_delay.o)
                0x1000289c                MXC_DelayCheck
 .text.MXC_DelayAbort
                0x1000290c       0x34 C:/MaximSDK/Libraries/PeriphDrivers/bin/MAX78000/softfp/libPeriphDriver_softfp.a(mxc_delay.o)
                0x1000290c                MXC_DelayAbort
 .text.MXC_Delay
                0x10002940       0x74 C:/MaximSDK/Libraries/PeriphDrivers/bin/MAX78000/softfp/libPeriphDriver_softfp.a(mxc_delay.o)
                0x10002940                MXC_Delay
 .text.MXC_NVIC_SetVector
                0x100029b4       0x50 C:/MaximSDK/Libraries/PeriphDrivers/bin/MAX78000/softfp/libPeriphDriver_softfp.a(nvic_table.o)
                0x100029b4                MXC_NVIC_SetVector
 .text.MXC_SYS_IsClockEnabled
                0x10002a04       0x44 C:/MaximSDK/Libraries/PeriphDrivers/bin/MAX78000/softfp/libPeriphDriver_softfp.a(sys_ai85.o)
                0x10002a04                MXC_SYS_IsClockEnabled
 .text.MXC_SYS_ClockDisable
                0x10002a48       0x44 C:/MaximSDK/Libraries/PeriphDrivers/bin/MAX78000/softfp/libPeriphDriver_softfp.a(sys_ai85.o)
                0x10002a48                MXC_SYS_ClockDisable
 .text.MXC_SYS_ClockEnable
                0x10002a8c       0x4c C:/MaximSDK/Libraries/PeriphDrivers/bin/MAX78000/softfp/libPeriphDriver_softfp.a(sys_ai85.o)
                0x10002a8c                MXC_SYS_ClockEnable
 .text.MXC_SYS_ClockSourceEnable
                0x10002ad8       0xf4 C:/MaximSDK/Libraries/PeriphDrivers/bin/MAX78000/softfp/libPeriphDriver_softfp.a(sys_ai85.o)
                0x10002ad8                MXC_SYS_ClockSourceEnable
 .text.MXC_SYS_Clock_Select
                0x10002bcc      0x194 C:/MaximSDK/Libraries/PeriphDrivers/bin/MAX78000/softfp/libPeriphDriver_softfp.a(sys_ai85.o)
                0x10002bcc                MXC_SYS_Clock_Select
 .text.MXC_SYS_Reset_Periph
                0x10002d60       0x50 C:/MaximSDK/Libraries/PeriphDrivers/bin/MAX78000/softfp/libPeriphDriver_softfp.a(sys_ai85.o)
                0x10002d60                MXC_SYS_Reset_Periph
 .text.MXC_PCIF_Init
                0x10002db0       0x6c C:/MaximSDK/Libraries/PeriphDrivers/bin/MAX78000/softfp/libPeriphDriver_softfp.a(cameraif_ai85.o)
                0x10002db0                MXC_PCIF_Init
 .text.MXC_PCIF_SetDataWidth
                0x10002e1c        0xc C:/MaximSDK/Libraries/PeriphDrivers/bin/MAX78000/softfp/libPeriphDriver_softfp.a(cameraif_ai85.o)
                0x10002e1c                MXC_PCIF_SetDataWidth
 .text.MXC_PCIF_SetTimingSel
                0x10002e28        0xc C:/MaximSDK/Libraries/PeriphDrivers/bin/MAX78000/softfp/libPeriphDriver_softfp.a(cameraif_ai85.o)
                0x10002e28                MXC_PCIF_SetTimingSel
 .text.MXC_PCIF_SetThreshold
                0x10002e34        0xc C:/MaximSDK/Libraries/PeriphDrivers/bin/MAX78000/softfp/libPeriphDriver_softfp.a(cameraif_ai85.o)
                0x10002e34                MXC_PCIF_SetThreshold
 .text.MXC_PCIF_EnableInt
                0x10002e40        0xc C:/MaximSDK/Libraries/PeriphDrivers/bin/MAX78000/softfp/libPeriphDriver_softfp.a(cameraif_ai85.o)
                0x10002e40                MXC_PCIF_EnableInt
 .text.MXC_PCIF_DisableInt
                0x10002e4c        0xc C:/MaximSDK/Libraries/PeriphDrivers/bin/MAX78000/softfp/libPeriphDriver_softfp.a(cameraif_ai85.o)
                0x10002e4c                MXC_PCIF_DisableInt
 .text.MXC_PCIF_Start
                0x10002e58        0xc C:/MaximSDK/Libraries/PeriphDrivers/bin/MAX78000/softfp/libPeriphDriver_softfp.a(cameraif_ai85.o)
                0x10002e58                MXC_PCIF_Start
 .text.MXC_PCIF_RevA_SetDatawidth
                0x10002e64       0x14 C:/MaximSDK/Libraries/PeriphDrivers/bin/MAX78000/softfp/libPeriphDriver_softfp.a(cameraif_reva.o)
                0x10002e64                MXC_PCIF_RevA_SetDatawidth
 .text.MXC_PCIF_RevA_SetTimingSel
                0x10002e78       0x14 C:/MaximSDK/Libraries/PeriphDrivers/bin/MAX78000/softfp/libPeriphDriver_softfp.a(cameraif_reva.o)
                0x10002e78                MXC_PCIF_RevA_SetTimingSel
 .text.MXC_PCIF_RevA_SetThreshold
                0x10002e8c       0x18 C:/MaximSDK/Libraries/PeriphDrivers/bin/MAX78000/softfp/libPeriphDriver_softfp.a(cameraif_reva.o)
                0x10002e8c                MXC_PCIF_RevA_SetThreshold
 .text.MXC_PCIF_RevA_EnableInt
                0x10002ea4        0xc C:/MaximSDK/Libraries/PeriphDrivers/bin/MAX78000/softfp/libPeriphDriver_softfp.a(cameraif_reva.o)
                0x10002ea4                MXC_PCIF_RevA_EnableInt
 .text.MXC_PCIF_RevA_DisableInt
                0x10002eb0       0x10 C:/MaximSDK/Libraries/PeriphDrivers/bin/MAX78000/softfp/libPeriphDriver_softfp.a(cameraif_reva.o)
                0x10002eb0                MXC_PCIF_RevA_DisableInt
 .text.MXC_PCIF_RevA_Start
                0x10002ec0       0x14 C:/MaximSDK/Libraries/PeriphDrivers/bin/MAX78000/softfp/libPeriphDriver_softfp.a(cameraif_reva.o)
                0x10002ec0                MXC_PCIF_RevA_Start
 .text.MXC_DMA_Init
                0x10002ed4       0x30 C:/MaximSDK/Libraries/PeriphDrivers/bin/MAX78000/softfp/libPeriphDriver_softfp.a(dma_me17.o)
                0x10002ed4                MXC_DMA_Init
 .text.MXC_DMA_DeInit
                0x10002f04        0xc C:/MaximSDK/Libraries/PeriphDrivers/bin/MAX78000/softfp/libPeriphDriver_softfp.a(dma_me17.o)
                0x10002f04                MXC_DMA_DeInit
 .text.MXC_DMA_AcquireChannel
                0x10002f10        0xc C:/MaximSDK/Libraries/PeriphDrivers/bin/MAX78000/softfp/libPeriphDriver_softfp.a(dma_me17.o)
                0x10002f10                MXC_DMA_AcquireChannel
 .text.MXC_DMA_ReleaseChannel
                0x10002f1c        0x4 C:/MaximSDK/Libraries/PeriphDrivers/bin/MAX78000/softfp/libPeriphDriver_softfp.a(dma_me17.o)
                0x10002f1c                MXC_DMA_ReleaseChannel
 .text.MXC_DMA_SetCallback
                0x10002f20        0x4 C:/MaximSDK/Libraries/PeriphDrivers/bin/MAX78000/softfp/libPeriphDriver_softfp.a(dma_me17.o)
                0x10002f20                MXC_DMA_SetCallback
 .text.MXC_DMA_ChannelClearFlags
                0x10002f24        0x4 C:/MaximSDK/Libraries/PeriphDrivers/bin/MAX78000/softfp/libPeriphDriver_softfp.a(dma_me17.o)
                0x10002f24                MXC_DMA_ChannelClearFlags
 .text.MXC_DMA_Handler
                0x10002f28        0xc C:/MaximSDK/Libraries/PeriphDrivers/bin/MAX78000/softfp/libPeriphDriver_softfp.a(dma_me17.o)
                0x10002f28                MXC_DMA_Handler
 .text.MXC_DMA_RevA_Init
                0x10002f34       0xac C:/MaximSDK/Libraries/PeriphDrivers/bin/MAX78000/softfp/libPeriphDriver_softfp.a(dma_reva.o)
                0x10002f34                MXC_DMA_RevA_Init
 .text.MXC_DMA_RevA_DeInit
                0x10002fe0       0x3c C:/MaximSDK/Libraries/PeriphDrivers/bin/MAX78000/softfp/libPeriphDriver_softfp.a(dma_reva.o)
                0x10002fe0                MXC_DMA_RevA_DeInit
 .text.MXC_DMA_RevA_AcquireChannel
                0x1000301c       0x88 C:/MaximSDK/Libraries/PeriphDrivers/bin/MAX78000/softfp/libPeriphDriver_softfp.a(dma_reva.o)
                0x1000301c                MXC_DMA_RevA_AcquireChannel
 .text.MXC_DMA_RevA_ReleaseChannel
                0x100030a4       0x48 C:/MaximSDK/Libraries/PeriphDrivers/bin/MAX78000/softfp/libPeriphDriver_softfp.a(dma_reva.o)
                0x100030a4                MXC_DMA_RevA_ReleaseChannel
 .text.MXC_DMA_RevA_SetCallback
                0x100030ec       0x24 C:/MaximSDK/Libraries/PeriphDrivers/bin/MAX78000/softfp/libPeriphDriver_softfp.a(dma_reva.o)
                0x100030ec                MXC_DMA_RevA_SetCallback
 .text.MXC_DMA_RevA_ChannelClearFlags
                0x10003110       0x2c C:/MaximSDK/Libraries/PeriphDrivers/bin/MAX78000/softfp/libPeriphDriver_softfp.a(dma_reva.o)
                0x10003110                MXC_DMA_RevA_ChannelClearFlags
 .text.MXC_DMA_RevA_Handler
                0x1000313c       0x84 C:/MaximSDK/Libraries/PeriphDrivers/bin/MAX78000/softfp/libPeriphDriver_softfp.a(dma_reva.o)
                0x1000313c                MXC_DMA_RevA_Handler
 .text.MXC_GPIO_Init
                0x100031c0       0x40 C:/MaximSDK/Libraries/PeriphDrivers/bin/MAX78000/softfp/libPeriphDriver_softfp.a(gpio_ai85.o)
                0x100031c0                MXC_GPIO_Init
 .text.MXC_GPIO_Config
                0x10003200      0x218 C:/MaximSDK/Libraries/PeriphDrivers/bin/MAX78000/softfp/libPeriphDriver_softfp.a(gpio_ai85.o)
                0x10003200                MXC_GPIO_Config
 .text.MXC_GPIO_OutSet
                0x10003418       0x30 C:/MaximSDK/Libraries/PeriphDrivers/bin/MAX78000/softfp/libPeriphDriver_softfp.a(gpio_ai85.o)
                0x10003418                MXC_GPIO_OutSet
 .text.MXC_GPIO_OutClr
                0x10003448       0x34 C:/MaximSDK/Libraries/PeriphDrivers/bin/MAX78000/softfp/libPeriphDriver_softfp.a(gpio_ai85.o)
                0x10003448                MXC_GPIO_OutClr
 .text.MXC_GPIO_Handler
                0x1000347c        0x4 C:/MaximSDK/Libraries/PeriphDrivers/bin/MAX78000/softfp/libPeriphDriver_softfp.a(gpio_ai85.o)
                0x1000347c                MXC_GPIO_Handler
 .text.MXC_GPIO_ClearFlags
                0x10003480       0x18 C:/MaximSDK/Libraries/PeriphDrivers/bin/MAX78000/softfp/libPeriphDriver_softfp.a(gpio_ai85.o)
                0x10003480                MXC_GPIO_ClearFlags
 .text.MXC_GPIO_GetFlags
                0x10003498       0x18 C:/MaximSDK/Libraries/PeriphDrivers/bin/MAX78000/softfp/libPeriphDriver_softfp.a(gpio_ai85.o)
                0x10003498                MXC_GPIO_GetFlags
 .text.MXC_GPIO_SetVSSEL
                0x100034b0       0x24 C:/MaximSDK/Libraries/PeriphDrivers/bin/MAX78000/softfp/libPeriphDriver_softfp.a(gpio_ai85.o)
                0x100034b0                MXC_GPIO_SetVSSEL
 .text.MXC_GPIO_RevA_OutSet
                0x100034d4        0x4 C:/MaximSDK/Libraries/PeriphDrivers/bin/MAX78000/softfp/libPeriphDriver_softfp.a(gpio_reva.o)
                0x100034d4                MXC_GPIO_RevA_OutSet
 .text.MXC_GPIO_RevA_OutClr
                0x100034d8        0x4 C:/MaximSDK/Libraries/PeriphDrivers/bin/MAX78000/softfp/libPeriphDriver_softfp.a(gpio_reva.o)
                0x100034d8                MXC_GPIO_RevA_OutClr
 .text.MXC_GPIO_RevA_ClearFlags
                0x100034dc        0x4 C:/MaximSDK/Libraries/PeriphDrivers/bin/MAX78000/softfp/libPeriphDriver_softfp.a(gpio_reva.o)
                0x100034dc                MXC_GPIO_RevA_ClearFlags
 .text.MXC_GPIO_RevA_GetFlags
                0x100034e0        0x4 C:/MaximSDK/Libraries/PeriphDrivers/bin/MAX78000/softfp/libPeriphDriver_softfp.a(gpio_reva.o)
                0x100034e0                MXC_GPIO_RevA_GetFlags
 .text.MXC_GPIO_RevA_SetVSSEL
                0x100034e4       0x30 C:/MaximSDK/Libraries/PeriphDrivers/bin/MAX78000/softfp/libPeriphDriver_softfp.a(gpio_reva.o)
                0x100034e4                MXC_GPIO_RevA_SetVSSEL
 .text.MXC_GPIO_RevA_SetAF
                0x10003514       0x6c C:/MaximSDK/Libraries/PeriphDrivers/bin/MAX78000/softfp/libPeriphDriver_softfp.a(gpio_reva.o)
                0x10003514                MXC_GPIO_RevA_SetAF
 .text.MXC_GPIO_RevA_SetDriveStrength
                0x10003580       0x74 C:/MaximSDK/Libraries/PeriphDrivers/bin/MAX78000/softfp/libPeriphDriver_softfp.a(gpio_reva.o)
                0x10003580                MXC_GPIO_RevA_SetDriveStrength
 .text.MXC_I2C_SetSlaveAddr
                0x100035f4        0xc C:/MaximSDK/Libraries/PeriphDrivers/bin/MAX78000/softfp/libPeriphDriver_softfp.a(i2c_me17.o)
                0x100035f4                MXC_I2C_SetSlaveAddr
 .text.MXC_I2C_Shutdown
                0x10003600       0x6c C:/MaximSDK/Libraries/PeriphDrivers/bin/MAX78000/softfp/libPeriphDriver_softfp.a(i2c_me17.o)
                0x10003600                MXC_I2C_Shutdown
 .text.MXC_I2C_Init
                0x1000366c       0x94 C:/MaximSDK/Libraries/PeriphDrivers/bin/MAX78000/softfp/libPeriphDriver_softfp.a(i2c_me17.o)
                0x1000366c                MXC_I2C_Init
 .text.MXC_I2C_SetFrequency
                0x10003700        0x4 C:/MaximSDK/Libraries/PeriphDrivers/bin/MAX78000/softfp/libPeriphDriver_softfp.a(i2c_me17.o)
                0x10003700                MXC_I2C_SetFrequency
 .text.MXC_I2C_GetFrequency
                0x10003704        0x4 C:/MaximSDK/Libraries/PeriphDrivers/bin/MAX78000/softfp/libPeriphDriver_softfp.a(i2c_me17.o)
                0x10003704                MXC_I2C_GetFrequency
 .text.MXC_I2C_ClearRXFIFO
                0x10003708        0x4 C:/MaximSDK/Libraries/PeriphDrivers/bin/MAX78000/softfp/libPeriphDriver_softfp.a(i2c_me17.o)
                0x10003708                MXC_I2C_ClearRXFIFO
 .text.MXC_I2C_ClearTXFIFO
                0x1000370c        0x4 C:/MaximSDK/Libraries/PeriphDrivers/bin/MAX78000/softfp/libPeriphDriver_softfp.a(i2c_me17.o)
                0x1000370c                MXC_I2C_ClearTXFIFO
 .text.MXC_I2C_Recover
                0x10003710        0x4 C:/MaximSDK/Libraries/PeriphDrivers/bin/MAX78000/softfp/libPeriphDriver_softfp.a(i2c_me17.o)
                0x10003710                MXC_I2C_Recover
 .text.MXC_I2C_SetRXThreshold
                0x10003714        0x4 C:/MaximSDK/Libraries/PeriphDrivers/bin/MAX78000/softfp/libPeriphDriver_softfp.a(i2c_me17.o)
                0x10003714                MXC_I2C_SetRXThreshold
 .text.MXC_I2C_SetTXThreshold
                0x10003718        0x4 C:/MaximSDK/Libraries/PeriphDrivers/bin/MAX78000/softfp/libPeriphDriver_softfp.a(i2c_me17.o)
                0x10003718                MXC_I2C_SetTXThreshold
 .text.MXC_I2C_RevA_Init
                0x1000371c      0x104 C:/MaximSDK/Libraries/PeriphDrivers/bin/MAX78000/softfp/libPeriphDriver_softfp.a(i2c_reva.o)
                0x1000371c                MXC_I2C_RevA_Init
 .text.MXC_I2C_RevA_SetSlaveAddr
                0x10003820       0x3c C:/MaximSDK/Libraries/PeriphDrivers/bin/MAX78000/softfp/libPeriphDriver_softfp.a(i2c_reva.o)
                0x10003820                MXC_I2C_RevA_SetSlaveAddr
 .text.MXC_I2C_RevA_Shutdown
                0x1000385c       0xac C:/MaximSDK/Libraries/PeriphDrivers/bin/MAX78000/softfp/libPeriphDriver_softfp.a(i2c_reva.o)
                0x1000385c                MXC_I2C_RevA_Shutdown
 .text.MXC_I2C_RevA_SetFrequency
                0x10003908       0xc0 C:/MaximSDK/Libraries/PeriphDrivers/bin/MAX78000/softfp/libPeriphDriver_softfp.a(i2c_reva.o)
                0x10003908                MXC_I2C_RevA_SetFrequency
 .text.MXC_I2C_RevA_GetFrequency
                0x100039c8       0x38 C:/MaximSDK/Libraries/PeriphDrivers/bin/MAX78000/softfp/libPeriphDriver_softfp.a(i2c_reva.o)
                0x100039c8                MXC_I2C_RevA_GetFrequency
 .text.MXC_I2C_RevA_ClearRXFIFO
                0x10003a00       0x10 C:/MaximSDK/Libraries/PeriphDrivers/bin/MAX78000/softfp/libPeriphDriver_softfp.a(i2c_reva.o)
                0x10003a00                MXC_I2C_RevA_ClearRXFIFO
 .text.MXC_I2C_RevA_ClearTXFIFO
                0x10003a10       0x10 C:/MaximSDK/Libraries/PeriphDrivers/bin/MAX78000/softfp/libPeriphDriver_softfp.a(i2c_reva.o)
                0x10003a10                MXC_I2C_RevA_ClearTXFIFO
 .text.MXC_I2C_RevA_Recover
                0x10003a20       0xd8 C:/MaximSDK/Libraries/PeriphDrivers/bin/MAX78000/softfp/libPeriphDriver_softfp.a(i2c_reva.o)
                0x10003a20                MXC_I2C_RevA_Recover
 .text.MXC_I2C_RevA_SetRXThreshold
                0x10003af8       0x20 C:/MaximSDK/Libraries/PeriphDrivers/bin/MAX78000/softfp/libPeriphDriver_softfp.a(i2c_reva.o)
                0x10003af8                MXC_I2C_RevA_SetRXThreshold
 .text.MXC_I2C_RevA_SetTXThreshold
                0x10003b18       0x24 C:/MaximSDK/Libraries/PeriphDrivers/bin/MAX78000/softfp/libPeriphDriver_softfp.a(i2c_reva.o)
                0x10003b18                MXC_I2C_RevA_SetTXThreshold
 .text.MXC_ICC_Enable
                0x10003b3c        0x4 C:/MaximSDK/Libraries/PeriphDrivers/bin/MAX78000/softfp/libPeriphDriver_softfp.a(icc_me17.o)
                0x10003b3c                MXC_ICC_Enable
 .text.MXC_ICC_RevA_Enable
                0x10003b40       0x30 C:/MaximSDK/Libraries/PeriphDrivers/bin/MAX78000/softfp/libPeriphDriver_softfp.a(icc_reva.o)
                0x10003b40                MXC_ICC_RevA_Enable
 .text.MXC_PT_Init
                0x10003b70      0x128 C:/MaximSDK/Libraries/PeriphDrivers/bin/MAX78000/softfp/libPeriphDriver_softfp.a(pt_ai85.o)
                0x10003b70                MXC_PT_Init
 .text.MXC_PT_Config
                0x10003c98       0x5c C:/MaximSDK/Libraries/PeriphDrivers/bin/MAX78000/softfp/libPeriphDriver_softfp.a(pt_ai85.o)
                0x10003c98                MXC_PT_Config
 .text.MXC_PT_SqrWaveConfig
                0x10003cf4       0x20 C:/MaximSDK/Libraries/PeriphDrivers/bin/MAX78000/softfp/libPeriphDriver_softfp.a(pt_ai85.o)
                0x10003cf4                MXC_PT_SqrWaveConfig
 .text.MXC_PT_Start
                0x10003d14        0xc C:/MaximSDK/Libraries/PeriphDrivers/bin/MAX78000/softfp/libPeriphDriver_softfp.a(pt_ai85.o)
                0x10003d14                MXC_PT_Start
 .text.MXC_PT_IsActive
                0x10003d20        0xc C:/MaximSDK/Libraries/PeriphDrivers/bin/MAX78000/softfp/libPeriphDriver_softfp.a(pt_ai85.o)
                0x10003d20                MXC_PT_IsActive
 .text.MXC_PT_RevA_Init
                0x10003d2c       0x10 C:/MaximSDK/Libraries/PeriphDrivers/bin/MAX78000/softfp/libPeriphDriver_softfp.a(pt_reva.o)
                0x10003d2c                MXC_PT_RevA_Init
 .text.MXC_PT_RevA_Config
                0x10003d3c       0xc4 C:/MaximSDK/Libraries/PeriphDrivers/bin/MAX78000/softfp/libPeriphDriver_softfp.a(pt_reva.o)
                0x10003d3c                MXC_PT_RevA_Config
 .text.MXC_PT_RevA_SqrWaveConfig
                0x10003e00       0x18 C:/MaximSDK/Libraries/PeriphDrivers/bin/MAX78000/softfp/libPeriphDriver_softfp.a(pt_reva.o)
                0x10003e00                MXC_PT_RevA_SqrWaveConfig
 .text.MXC_PT_RevA_Start
                0x10003e18       0x10 C:/MaximSDK/Libraries/PeriphDrivers/bin/MAX78000/softfp/libPeriphDriver_softfp.a(pt_reva.o)
                0x10003e18                MXC_PT_RevA_Start
 .text.MXC_PT_RevA_IsActive
                0x10003e28        0xc C:/MaximSDK/Libraries/PeriphDrivers/bin/MAX78000/softfp/libPeriphDriver_softfp.a(pt_reva.o)
                0x10003e28                MXC_PT_RevA_IsActive
 .text.MXC_TMR_Init
                0x10003e34      0x314 C:/MaximSDK/Libraries/PeriphDrivers/bin/MAX78000/softfp/libPeriphDriver_softfp.a(tmr_ai85.o)
                0x10003e34                MXC_TMR_Init
 .text.MXC_TMR_Start
                0x10004148        0x4 C:/MaximSDK/Libraries/PeriphDrivers/bin/MAX78000/softfp/libPeriphDriver_softfp.a(tmr_ai85.o)
                0x10004148                MXC_TMR_Start
 .text.MXC_TMR_Stop
                0x1000414c        0x4 C:/MaximSDK/Libraries/PeriphDrivers/bin/MAX78000/softfp/libPeriphDriver_softfp.a(tmr_ai85.o)
                0x1000414c                MXC_TMR_Stop
 .text.MXC_TMR_ClearFlags
                0x10004150        0x4 C:/MaximSDK/Libraries/PeriphDrivers/bin/MAX78000/softfp/libPeriphDriver_softfp.a(tmr_ai85.o)
                0x10004150                MXC_TMR_ClearFlags
 .text.MXC_TMR_SetCount
                0x10004154        0x4 C:/MaximSDK/Libraries/PeriphDrivers/bin/MAX78000/softfp/libPeriphDriver_softfp.a(tmr_ai85.o)
                0x10004154                MXC_TMR_SetCount
 .text.MXC_TMR_TO_Start
                0x10004158        0x4 C:/MaximSDK/Libraries/PeriphDrivers/bin/MAX78000/softfp/libPeriphDriver_softfp.a(tmr_ai85.o)
                0x10004158                MXC_TMR_TO_Start
 .text.MXC_TMR_TO_Stop
                0x1000415c        0x4 C:/MaximSDK/Libraries/PeriphDrivers/bin/MAX78000/softfp/libPeriphDriver_softfp.a(tmr_ai85.o)
                0x1000415c                MXC_TMR_TO_Stop
 .text.MXC_TMR_TO_Elapsed
                0x10004160        0x4 C:/MaximSDK/Libraries/PeriphDrivers/bin/MAX78000/softfp/libPeriphDriver_softfp.a(tmr_ai85.o)
                0x10004160                MXC_TMR_TO_Elapsed
 .text.MXC_TMR_SW_Start
                0x10004164        0x4 C:/MaximSDK/Libraries/PeriphDrivers/bin/MAX78000/softfp/libPeriphDriver_softfp.a(tmr_ai85.o)
                0x10004164                MXC_TMR_SW_Start
 .text.MXC_TMR_SW_Stop
                0x10004168        0x4 C:/MaximSDK/Libraries/PeriphDrivers/bin/MAX78000/softfp/libPeriphDriver_softfp.a(tmr_ai85.o)
                0x10004168                MXC_TMR_SW_Stop
 .text.MXC_TMR_GetTime
                0x1000416c        0x4 C:/MaximSDK/Libraries/PeriphDrivers/bin/MAX78000/softfp/libPeriphDriver_softfp.a(tmr_ai85.o)
                0x1000416c                MXC_TMR_GetTime
 .text.MXC_TMR_RevB_SetClockSourceFreq
                0x10004170       0x7c C:/MaximSDK/Libraries/PeriphDrivers/bin/MAX78000/softfp/libPeriphDriver_softfp.a(tmr_revb.o)
                0x10004170                MXC_TMR_RevB_SetClockSourceFreq
 .text.MXC_TMR_RevB_GetClockSourceFreq
                0x100041ec       0x80 C:/MaximSDK/Libraries/PeriphDrivers/bin/MAX78000/softfp/libPeriphDriver_softfp.a(tmr_revb.o)
                0x100041ec                MXC_TMR_RevB_GetClockSourceFreq
 .text.MXC_TMR_RevB_ConfigGeneric
                0x1000426c       0xe8 C:/MaximSDK/Libraries/PeriphDrivers/bin/MAX78000/softfp/libPeriphDriver_softfp.a(tmr_revb.o)
                0x1000426c                MXC_TMR_RevB_ConfigGeneric
 .text.MXC_TMR_RevB_Init
                0x10004354      0x16c C:/MaximSDK/Libraries/PeriphDrivers/bin/MAX78000/softfp/libPeriphDriver_softfp.a(tmr_revb.o)
                0x10004354                MXC_TMR_RevB_Init
 .text.MXC_TMR_RevB_Start
                0x100044c0       0x5c C:/MaximSDK/Libraries/PeriphDrivers/bin/MAX78000/softfp/libPeriphDriver_softfp.a(tmr_revb.o)
                0x100044c0                MXC_TMR_RevB_Start
 .text.MXC_TMR_RevB_Stop
                0x1000451c       0x58 C:/MaximSDK/Libraries/PeriphDrivers/bin/MAX78000/softfp/libPeriphDriver_softfp.a(tmr_revb.o)
                0x1000451c                MXC_TMR_RevB_Stop
 .text.MXC_TMR_RevB_ClearFlags
                0x10004574       0x58 C:/MaximSDK/Libraries/PeriphDrivers/bin/MAX78000/softfp/libPeriphDriver_softfp.a(tmr_revb.o)
                0x10004574                MXC_TMR_RevB_ClearFlags
 .text.MXC_TMR_RevB_SetCount
                0x100045cc       0x5c C:/MaximSDK/Libraries/PeriphDrivers/bin/MAX78000/softfp/libPeriphDriver_softfp.a(tmr_revb.o)
                0x100045cc                MXC_TMR_RevB_SetCount
 .text.MXC_TMR_RevB_TO_Start
                0x10004628       0xe4 C:/MaximSDK/Libraries/PeriphDrivers/bin/MAX78000/softfp/libPeriphDriver_softfp.a(tmr_revb.o)
                0x10004628                MXC_TMR_RevB_TO_Start
 .text.MXC_TMR_RevB_GetTime
                0x1000470c      0x148 C:/MaximSDK/Libraries/PeriphDrivers/bin/MAX78000/softfp/libPeriphDriver_softfp.a(tmr_revb.o)
                0x1000470c                MXC_TMR_RevB_GetTime
 .text.MXC_UART_Shutdown
                0x10004854       0x70 C:/MaximSDK/Libraries/PeriphDrivers/bin/MAX78000/softfp/libPeriphDriver_softfp.a(uart_ai85.o)
                0x10004854                MXC_UART_Shutdown
 .text.MXC_UART_Init
                0x100048c4       0xb8 C:/MaximSDK/Libraries/PeriphDrivers/bin/MAX78000/softfp/libPeriphDriver_softfp.a(uart_ai85.o)
                0x100048c4                MXC_UART_Init
 .text.MXC_UART_SetFrequency
                0x1000497c       0xcc C:/MaximSDK/Libraries/PeriphDrivers/bin/MAX78000/softfp/libPeriphDriver_softfp.a(uart_ai85.o)
                0x1000497c                MXC_UART_SetFrequency
 .text.MXC_UART_GetFrequency
                0x10004a48       0x54 C:/MaximSDK/Libraries/PeriphDrivers/bin/MAX78000/softfp/libPeriphDriver_softfp.a(uart_ai85.o)
                0x10004a48                MXC_UART_GetFrequency
 .text.MXC_UART_SetDataSize
                0x10004a9c        0x4 C:/MaximSDK/Libraries/PeriphDrivers/bin/MAX78000/softfp/libPeriphDriver_softfp.a(uart_ai85.o)
                0x10004a9c                MXC_UART_SetDataSize
 .text.MXC_UART_SetStopBits
                0x10004aa0        0x4 C:/MaximSDK/Libraries/PeriphDrivers/bin/MAX78000/softfp/libPeriphDriver_softfp.a(uart_ai85.o)
                0x10004aa0                MXC_UART_SetStopBits
 .text.MXC_UART_SetParity
                0x10004aa4        0x4 C:/MaximSDK/Libraries/PeriphDrivers/bin/MAX78000/softfp/libPeriphDriver_softfp.a(uart_ai85.o)
                0x10004aa4                MXC_UART_SetParity
 .text.MXC_UART_ReadCharacterRaw
                0x10004aa8        0x4 C:/MaximSDK/Libraries/PeriphDrivers/bin/MAX78000/softfp/libPeriphDriver_softfp.a(uart_ai85.o)
                0x10004aa8                MXC_UART_ReadCharacterRaw
 .text.MXC_UART_WriteCharacterRaw
                0x10004aac        0x4 C:/MaximSDK/Libraries/PeriphDrivers/bin/MAX78000/softfp/libPeriphDriver_softfp.a(uart_ai85.o)
                0x10004aac                MXC_UART_WriteCharacterRaw
 .text.MXC_UART_ReadCharacter
                0x10004ab0        0x4 C:/MaximSDK/Libraries/PeriphDrivers/bin/MAX78000/softfp/libPeriphDriver_softfp.a(uart_ai85.o)
                0x10004ab0                MXC_UART_ReadCharacter
 .text.MXC_UART_WriteCharacter
                0x10004ab4        0x4 C:/MaximSDK/Libraries/PeriphDrivers/bin/MAX78000/softfp/libPeriphDriver_softfp.a(uart_ai85.o)
                0x10004ab4                MXC_UART_WriteCharacter
 .text.MXC_UART_GetRXFIFOAvailable
                0x10004ab8        0x4 C:/MaximSDK/Libraries/PeriphDrivers/bin/MAX78000/softfp/libPeriphDriver_softfp.a(uart_ai85.o)
                0x10004ab8                MXC_UART_GetRXFIFOAvailable
 .text.MXC_UART_GetTXFIFOAvailable
                0x10004abc        0x4 C:/MaximSDK/Libraries/PeriphDrivers/bin/MAX78000/softfp/libPeriphDriver_softfp.a(uart_ai85.o)
                0x10004abc                MXC_UART_GetTXFIFOAvailable
 .text.MXC_UART_SetRXThreshold
                0x10004ac0        0x4 C:/MaximSDK/Libraries/PeriphDrivers/bin/MAX78000/softfp/libPeriphDriver_softfp.a(uart_ai85.o)
                0x10004ac0                MXC_UART_SetRXThreshold
 .text.MXC_UART_Common_ReadCharacter
                0x10004ac4       0x18 C:/MaximSDK/Libraries/PeriphDrivers/bin/MAX78000/softfp/libPeriphDriver_softfp.a(uart_common.o)
                0x10004ac4                MXC_UART_Common_ReadCharacter
 .text.MXC_UART_Common_WriteCharacter
                0x10004adc       0x1c C:/MaximSDK/Libraries/PeriphDrivers/bin/MAX78000/softfp/libPeriphDriver_softfp.a(uart_common.o)
                0x10004adc                MXC_UART_Common_WriteCharacter
 .text.MXC_UART_RevB_Init
                0x10004af8       0xdc C:/MaximSDK/Libraries/PeriphDrivers/bin/MAX78000/softfp/libPeriphDriver_softfp.a(uart_revb.o)
                0x10004af8                MXC_UART_RevB_Init
 .text.MXC_UART_RevB_SetFrequency
                0x10004bd4       0x74 C:/MaximSDK/Libraries/PeriphDrivers/bin/MAX78000/softfp/libPeriphDriver_softfp.a(uart_revb.o)
                0x10004bd4                MXC_UART_RevB_SetFrequency
 .text.MXC_UART_RevB_GetFrequency
                0x10004c48       0x54 C:/MaximSDK/Libraries/PeriphDrivers/bin/MAX78000/softfp/libPeriphDriver_softfp.a(uart_revb.o)
                0x10004c48                MXC_UART_RevB_GetFrequency
 .text.MXC_UART_RevB_SetDataSize
                0x10004c9c       0x20 C:/MaximSDK/Libraries/PeriphDrivers/bin/MAX78000/softfp/libPeriphDriver_softfp.a(uart_revb.o)
                0x10004c9c                MXC_UART_RevB_SetDataSize
 .text.MXC_UART_RevB_SetStopBits
                0x10004cbc       0x28 C:/MaximSDK/Libraries/PeriphDrivers/bin/MAX78000/softfp/libPeriphDriver_softfp.a(uart_revb.o)
                0x10004cbc                MXC_UART_RevB_SetStopBits
 .text.MXC_UART_RevB_SetParity
                0x10004ce4       0x94 C:/MaximSDK/Libraries/PeriphDrivers/bin/MAX78000/softfp/libPeriphDriver_softfp.a(uart_revb.o)
                0x10004ce4                MXC_UART_RevB_SetParity
 .text.MXC_UART_RevB_ReadCharacterRaw
                0x10004d78       0x10 C:/MaximSDK/Libraries/PeriphDrivers/bin/MAX78000/softfp/libPeriphDriver_softfp.a(uart_revb.o)
                0x10004d78                MXC_UART_RevB_ReadCharacterRaw
 .text.MXC_UART_RevB_WriteCharacterRaw
                0x10004d88       0x14 C:/MaximSDK/Libraries/PeriphDrivers/bin/MAX78000/softfp/libPeriphDriver_softfp.a(uart_revb.o)
                0x10004d88                MXC_UART_RevB_WriteCharacterRaw
 .text.MXC_UART_RevB_GetRXFIFOAvailable
                0x10004d9c        0x8 C:/MaximSDK/Libraries/PeriphDrivers/bin/MAX78000/softfp/libPeriphDriver_softfp.a(uart_revb.o)
                0x10004d9c                MXC_UART_RevB_GetRXFIFOAvailable
 .text.MXC_UART_RevB_GetTXFIFOAvailable
                0x10004da4        0xc C:/MaximSDK/Libraries/PeriphDrivers/bin/MAX78000/softfp/libPeriphDriver_softfp.a(uart_revb.o)
                0x10004da4                MXC_UART_RevB_GetTXFIFOAvailable
 .text.MXC_UART_RevB_SetRXThreshold
                0x10004db0       0x1c C:/MaximSDK/Libraries/PeriphDrivers/bin/MAX78000/softfp/libPeriphDriver_softfp.a(uart_revb.o)
                0x10004db0                MXC_UART_RevB_SetRXThreshold
 .text.MXC_GetLock
                0x10004dcc       0x1c C:/MaximSDK/Libraries/PeriphDrivers/bin/MAX78000/softfp/libPeriphDriver_softfp.a(mxc_lock.o)
                0x10004dcc                MXC_GetLock
 .text.MXC_FreeLock
                0x10004de8        0xc C:/MaximSDK/Libraries/PeriphDrivers/bin/MAX78000/softfp/libPeriphDriver_softfp.a(mxc_lock.o)
                0x10004de8                MXC_FreeLock
 .text.MXC_GPIO_Common_Init
                0x10004df4       0x24 C:/MaximSDK/Libraries/PeriphDrivers/bin/MAX78000/softfp/libPeriphDriver_softfp.a(gpio_common.o)
                0x10004df4                MXC_GPIO_Common_Init
 .text.MXC_GPIO_Common_Handler
                0x10004e18       0x88 C:/MaximSDK/Libraries/PeriphDrivers/bin/MAX78000/softfp/libPeriphDriver_softfp.a(gpio_common.o)
                0x10004e18                MXC_GPIO_Common_Handler
 .text.MXC_TMR_Common_TO_Stop
                0x10004ea0       0x14 C:/MaximSDK/Libraries/PeriphDrivers/bin/MAX78000/softfp/libPeriphDriver_softfp.a(tmr_common.o)
                0x10004ea0                MXC_TMR_Common_TO_Stop
 .text.MXC_TMR_Common_SW_Start
                0x10004eb4        0x8 C:/MaximSDK/Libraries/PeriphDrivers/bin/MAX78000/softfp/libPeriphDriver_softfp.a(tmr_common.o)
                0x10004eb4                MXC_TMR_Common_SW_Start
 .text.MXC_TMR_Common_SW_Stop
                0x10004ebc       0x14 C:/MaximSDK/Libraries/PeriphDrivers/bin/MAX78000/softfp/libPeriphDriver_softfp.a(tmr_common.o)
                0x10004ebc                MXC_TMR_Common_SW_Stop
 .text.MXC_TMR_Common_TO_Elapsed
                0x10004ed0       0x54 C:/MaximSDK/Libraries/PeriphDrivers/bin/MAX78000/softfp/libPeriphDriver_softfp.a(tmr_common.o)
                0x10004ed0                MXC_TMR_Common_TO_Elapsed
 .text.__errno  0x10004f24        0xc c:/maximsdk/tools/gnutools/10.3/bin/../lib/gcc/arm-none-eabi/10.3.1/../../../../arm-none-eabi/lib/thumb/v7e-m+fp/softfp\libc.a(lib_a-errno.o)
                0x10004f24                __errno
 .text.__libc_init_array
                0x10004f30       0x48 c:/maximsdk/tools/gnutools/10.3/bin/../lib/gcc/arm-none-eabi/10.3.1/../../../../arm-none-eabi/lib/thumb/v7e-m+fp/softfp\libc.a(lib_a-init.o)
                0x10004f30                __libc_init_array
 .text.malloc   0x10004f78       0x10 c:/maximsdk/tools/gnutools/10.3/bin/../lib/gcc/arm-none-eabi/10.3.1/../../../../arm-none-eabi/lib/thumb/v7e-m+fp/softfp\libc.a(lib_a-malloc.o)
                0x10004f78                malloc
 .text.free     0x10004f88       0x10 c:/maximsdk/tools/gnutools/10.3/bin/../lib/gcc/arm-none-eabi/10.3.1/../../../../arm-none-eabi/lib/thumb/v7e-m+fp/softfp\libc.a(lib_a-malloc.o)
                0x10004f88                free
 .text._malloc_r
                0x10004f98      0x560 c:/maximsdk/tools/gnutools/10.3/bin/../lib/gcc/arm-none-eabi/10.3.1/../../../../arm-none-eabi/lib/thumb/v7e-m+fp/softfp\libc.a(lib_a-mallocr.o)
                0x10004f98                _malloc_r
 .text          0x100054f8      0x134 c:/maximsdk/tools/gnutools/10.3/bin/../lib/gcc/arm-none-eabi/10.3.1/../../../../arm-none-eabi/lib/thumb/v7e-m+fp/softfp\libc.a(lib_a-memcpy.o)
                0x100054f8                memcpy
 .text.memset   0x1000562c       0xa4 c:/maximsdk/tools/gnutools/10.3/bin/../lib/gcc/arm-none-eabi/10.3.1/../../../../arm-none-eabi/lib/thumb/v7e-m+fp/softfp\libc.a(lib_a-memset.o)
                0x1000562c                memset
 .text.__malloc_lock
                0x100056d0        0xc c:/maximsdk/tools/gnutools/10.3/bin/../lib/gcc/arm-none-eabi/10.3.1/../../../../arm-none-eabi/lib/thumb/v7e-m+fp/softfp\libc.a(lib_a-mlock.o)
                0x100056d0                __malloc_lock
 .text.__malloc_unlock
                0x100056dc        0xc c:/maximsdk/tools/gnutools/10.3/bin/../lib/gcc/arm-none-eabi/10.3.1/../../../../arm-none-eabi/lib/thumb/v7e-m+fp/softfp\libc.a(lib_a-mlock.o)
                0x100056dc                __malloc_unlock
 .text.printf   0x100056e8       0x28 c:/maximsdk/tools/gnutools/10.3/bin/../lib/gcc/arm-none-eabi/10.3.1/../../../../arm-none-eabi/lib/thumb/v7e-m+fp/softfp\libc.a(lib_a-printf.o)
                0x100056e8                printf
 .text.putchar  0x10005710       0x10 c:/maximsdk/tools/gnutools/10.3/bin/../lib/gcc/arm-none-eabi/10.3.1/../../../../arm-none-eabi/lib/thumb/v7e-m+fp/softfp\libc.a(lib_a-putchar.o)
                0x10005710                putchar
 .text._puts_r  0x10005720       0x9c c:/maximsdk/tools/gnutools/10.3/bin/../lib/gcc/arm-none-eabi/10.3.1/../../../../arm-none-eabi/lib/thumb/v7e-m+fp/softfp\libc.a(lib_a-puts.o)
                0x10005720                _puts_r
 .text.puts     0x100057bc       0x10 c:/maximsdk/tools/gnutools/10.3/bin/../lib/gcc/arm-none-eabi/10.3.1/../../../../arm-none-eabi/lib/thumb/v7e-m+fp/softfp\libc.a(lib_a-puts.o)
                0x100057bc                puts
 .text._sbrk_r  0x100057cc       0x24 c:/maximsdk/tools/gnutools/10.3/bin/../lib/gcc/arm-none-eabi/10.3.1/../../../../arm-none-eabi/lib/thumb/v7e-m+fp/softfp\libc.a(lib_a-sbrkr.o)
                0x100057cc                _sbrk_r
 .text.snprintf
                0x100057f0       0x88 c:/maximsdk/tools/gnutools/10.3/bin/../lib/gcc/arm-none-eabi/10.3.1/../../../../arm-none-eabi/lib/thumb/v7e-m+fp/softfp\libc.a(lib_a-snprintf.o)
                0x100057f0                snprintf
 *fill*         0x10005878        0x8 
 .text          0x10005880       0xdc c:/maximsdk/tools/gnutools/10.3/bin/../lib/gcc/arm-none-eabi/10.3.1/../../../../arm-none-eabi/lib/thumb/v7e-m+fp/softfp\libc.a(lib_a-strlen.o)
                0x10005880                strlen
 *fill*         0x1000595c        0x4 
 .text._svfprintf_r
                0x10005960     0x1ac8 c:/maximsdk/tools/gnutools/10.3/bin/../lib/gcc/arm-none-eabi/10.3.1/../../../../arm-none-eabi/lib/thumb/v7e-m+fp/softfp\libc.a(lib_a-svfprintf.o)
                0x10005960                _svfprintf_r
 .text._vfprintf_r
                0x10007428     0x1b8c c:/maximsdk/tools/gnutools/10.3/bin/../lib/gcc/arm-none-eabi/10.3.1/../../../../arm-none-eabi/lib/thumb/v7e-m+fp/softfp\libc.a(lib_a-vfprintf.o)
                0x10007428                _vfprintf_r
 .text.__sbprintf
                0x10008fb4       0x80 c:/maximsdk/tools/gnutools/10.3/bin/../lib/gcc/arm-none-eabi/10.3.1/../../../../arm-none-eabi/lib/thumb/v7e-m+fp/softfp\libc.a(lib_a-vfprintf.o)
 .text.__swsetup_r
                0x10009034       0xd4 c:/maximsdk/tools/gnutools/10.3/bin/../lib/gcc/arm-none-eabi/10.3.1/../../../../arm-none-eabi/lib/thumb/v7e-m+fp/softfp\libc.a(lib_a-wsetup.o)
                0x10009034                __swsetup_r
 .text.startup.register_fini
                0x10009108       0x14 c:/maximsdk/tools/gnutools/10.3/bin/../lib/gcc/arm-none-eabi/10.3.1/../../../../arm-none-eabi/lib/thumb/v7e-m+fp/softfp\libc.a(lib_a-__call_atexit.o)
 .text.atexit   0x1000911c        0xc c:/maximsdk/tools/gnutools/10.3/bin/../lib/gcc/arm-none-eabi/10.3.1/../../../../arm-none-eabi/lib/thumb/v7e-m+fp/softfp\libc.a(lib_a-atexit.o)
                0x1000911c                atexit
 .text.quorem   0x10009128      0x128 c:/maximsdk/tools/gnutools/10.3/bin/../lib/gcc/arm-none-eabi/10.3.1/../../../../arm-none-eabi/lib/thumb/v7e-m+fp/softfp\libc.a(lib_a-dtoa.o)
 .text._dtoa_r  0x10009250      0xf34 c:/maximsdk/tools/gnutools/10.3/bin/../lib/gcc/arm-none-eabi/10.3.1/../../../../arm-none-eabi/lib/thumb/v7e-m+fp/softfp\libc.a(lib_a-dtoa.o)
                0x10009250                _dtoa_r
 .text.__sflush_r
                0x1000a184      0x130 c:/maximsdk/tools/gnutools/10.3/bin/../lib/gcc/arm-none-eabi/10.3.1/../../../../arm-none-eabi/lib/thumb/v7e-m+fp/softfp\libc.a(lib_a-fflush.o)
                0x1000a184                __sflush_r
 .text._fflush_r
                0x1000a2b4       0x5c c:/maximsdk/tools/gnutools/10.3/bin/../lib/gcc/arm-none-eabi/10.3.1/../../../../arm-none-eabi/lib/thumb/v7e-m+fp/softfp\libc.a(lib_a-fflush.o)
                0x1000a2b4                _fflush_r
 .text._cleanup_r
                0x1000a310        0xc c:/maximsdk/tools/gnutools/10.3/bin/../lib/gcc/arm-none-eabi/10.3.1/../../../../arm-none-eabi/lib/thumb/v7e-m+fp/softfp\libc.a(lib_a-findfp.o)
                0x1000a310                _cleanup_r
 .text.__sinit  0x1000a31c      0x10c c:/maximsdk/tools/gnutools/10.3/bin/../lib/gcc/arm-none-eabi/10.3.1/../../../../arm-none-eabi/lib/thumb/v7e-m+fp/softfp\libc.a(lib_a-findfp.o)
                0x1000a31c                __sinit
 .text.__sfp_lock_acquire
                0x1000a428        0xc c:/maximsdk/tools/gnutools/10.3/bin/../lib/gcc/arm-none-eabi/10.3.1/../../../../arm-none-eabi/lib/thumb/v7e-m+fp/softfp\libc.a(lib_a-findfp.o)
                0x1000a428                __sfp_lock_acquire
 .text.__sfp_lock_release
                0x1000a434        0xc c:/maximsdk/tools/gnutools/10.3/bin/../lib/gcc/arm-none-eabi/10.3.1/../../../../arm-none-eabi/lib/thumb/v7e-m+fp/softfp\libc.a(lib_a-findfp.o)
                0x1000a434                __sfp_lock_release
 .text.__libc_fini_array
                0x1000a440       0x2c c:/maximsdk/tools/gnutools/10.3/bin/../lib/gcc/arm-none-eabi/10.3.1/../../../../arm-none-eabi/lib/thumb/v7e-m+fp/softfp\libc.a(lib_a-fini.o)
                0x1000a440                __libc_fini_array
 .text._malloc_trim_r
                0x1000a46c       0xa0 c:/maximsdk/tools/gnutools/10.3/bin/../lib/gcc/arm-none-eabi/10.3.1/../../../../arm-none-eabi/lib/thumb/v7e-m+fp/softfp\libc.a(lib_a-freer.o)
                0x1000a46c                _malloc_trim_r
 .text._free_r  0x1000a50c      0x20c c:/maximsdk/tools/gnutools/10.3/bin/../lib/gcc/arm-none-eabi/10.3.1/../../../../arm-none-eabi/lib/thumb/v7e-m+fp/softfp\libc.a(lib_a-freer.o)
                0x1000a50c                _free_r
 .text.__sfvwrite_r
                0x1000a718      0x2f0 c:/maximsdk/tools/gnutools/10.3/bin/../lib/gcc/arm-none-eabi/10.3.1/../../../../arm-none-eabi/lib/thumb/v7e-m+fp/softfp\libc.a(lib_a-fvwrite.o)
                0x1000a718                __sfvwrite_r
 .text._fwalk_reent
                0x1000aa08       0x48 c:/maximsdk/tools/gnutools/10.3/bin/../lib/gcc/arm-none-eabi/10.3.1/../../../../arm-none-eabi/lib/thumb/v7e-m+fp/softfp\libc.a(lib_a-fwalk.o)
                0x1000aa08                _fwalk_reent
 .text._localeconv_r
                0x1000aa50        0x8 c:/maximsdk/tools/gnutools/10.3/bin/../lib/gcc/arm-none-eabi/10.3.1/../../../../arm-none-eabi/lib/thumb/v7e-m+fp/softfp\libc.a(lib_a-localeconv.o)
                0x1000aa50                _localeconv_r
 .text.__retarget_lock_init_recursive
                0x1000aa58        0x4 c:/maximsdk/tools/gnutools/10.3/bin/../lib/gcc/arm-none-eabi/10.3.1/../../../../arm-none-eabi/lib/thumb/v7e-m+fp/softfp\libc.a(lib_a-lock.o)
                0x1000aa58                __retarget_lock_init_recursive
 .text.__retarget_lock_close_recursive
                0x1000aa5c        0x4 c:/maximsdk/tools/gnutools/10.3/bin/../lib/gcc/arm-none-eabi/10.3.1/../../../../arm-none-eabi/lib/thumb/v7e-m+fp/softfp\libc.a(lib_a-lock.o)
                0x1000aa5c                __retarget_lock_close_recursive
 .text.__retarget_lock_acquire_recursive
                0x1000aa60        0x4 c:/maximsdk/tools/gnutools/10.3/bin/../lib/gcc/arm-none-eabi/10.3.1/../../../../arm-none-eabi/lib/thumb/v7e-m+fp/softfp\libc.a(lib_a-lock.o)
                0x1000aa60                __retarget_lock_acquire_recursive
 .text.__retarget_lock_release_recursive
                0x1000aa64        0x4 c:/maximsdk/tools/gnutools/10.3/bin/../lib/gcc/arm-none-eabi/10.3.1/../../../../arm-none-eabi/lib/thumb/v7e-m+fp/softfp\libc.a(lib_a-lock.o)
                0x1000aa64                __retarget_lock_release_recursive
 .text.__smakebuf_r
                0x1000aa68       0xe0 c:/maximsdk/tools/gnutools/10.3/bin/../lib/gcc/arm-none-eabi/10.3.1/../../../../arm-none-eabi/lib/thumb/v7e-m+fp/softfp\libc.a(lib_a-makebuf.o)
                0x1000aa68                __smakebuf_r
 *fill*         0x1000ab48        0x8 
 .text          0x1000ab50       0xa0 c:/maximsdk/tools/gnutools/10.3/bin/../lib/gcc/arm-none-eabi/10.3.1/../../../../arm-none-eabi/lib/thumb/v7e-m+fp/softfp\libc.a(lib_a-memchr.o)
                0x1000ab50                memchr
 .text.memmove  0x1000abf0       0xf8 c:/maximsdk/tools/gnutools/10.3/bin/../lib/gcc/arm-none-eabi/10.3.1/../../../../arm-none-eabi/lib/thumb/v7e-m+fp/softfp\libc.a(lib_a-memmove.o)
                0x1000abf0                memmove
 .text._Balloc  0x1000ace8       0x4c c:/maximsdk/tools/gnutools/10.3/bin/../lib/gcc/arm-none-eabi/10.3.1/../../../../arm-none-eabi/lib/thumb/v7e-m+fp/softfp\libc.a(lib_a-mprec.o)
                0x1000ace8                _Balloc
 .text._Bfree   0x1000ad34       0x14 c:/maximsdk/tools/gnutools/10.3/bin/../lib/gcc/arm-none-eabi/10.3.1/../../../../arm-none-eabi/lib/thumb/v7e-m+fp/softfp\libc.a(lib_a-mprec.o)
                0x1000ad34                _Bfree
 .text.__multadd
                0x1000ad48       0xa8 c:/maximsdk/tools/gnutools/10.3/bin/../lib/gcc/arm-none-eabi/10.3.1/../../../../arm-none-eabi/lib/thumb/v7e-m+fp/softfp\libc.a(lib_a-mprec.o)
                0x1000ad48                __multadd
 .text.__hi0bits
                0x1000adf0       0x40 c:/maximsdk/tools/gnutools/10.3/bin/../lib/gcc/arm-none-eabi/10.3.1/../../../../arm-none-eabi/lib/thumb/v7e-m+fp/softfp\libc.a(lib_a-mprec.o)
                0x1000adf0                __hi0bits
 .text.__lo0bits
                0x1000ae30       0x60 c:/maximsdk/tools/gnutools/10.3/bin/../lib/gcc/arm-none-eabi/10.3.1/../../../../arm-none-eabi/lib/thumb/v7e-m+fp/softfp\libc.a(lib_a-mprec.o)
                0x1000ae30                __lo0bits
 .text.__i2b    0x1000ae90       0x5c c:/maximsdk/tools/gnutools/10.3/bin/../lib/gcc/arm-none-eabi/10.3.1/../../../../arm-none-eabi/lib/thumb/v7e-m+fp/softfp\libc.a(lib_a-mprec.o)
                0x1000ae90                __i2b
 .text.__multiply
                0x1000aeec      0x15c c:/maximsdk/tools/gnutools/10.3/bin/../lib/gcc/arm-none-eabi/10.3.1/../../../../arm-none-eabi/lib/thumb/v7e-m+fp/softfp\libc.a(lib_a-mprec.o)
                0x1000aeec                __multiply
 .text.__pow5mult
                0x1000b048       0xc0 c:/maximsdk/tools/gnutools/10.3/bin/../lib/gcc/arm-none-eabi/10.3.1/../../../../arm-none-eabi/lib/thumb/v7e-m+fp/softfp\libc.a(lib_a-mprec.o)
                0x1000b048                __pow5mult
 .text.__lshift
                0x1000b108       0xf0 c:/maximsdk/tools/gnutools/10.3/bin/../lib/gcc/arm-none-eabi/10.3.1/../../../../arm-none-eabi/lib/thumb/v7e-m+fp/softfp\libc.a(lib_a-mprec.o)
                0x1000b108                __lshift
 .text.__mcmp   0x1000b1f8       0x44 c:/maximsdk/tools/gnutools/10.3/bin/../lib/gcc/arm-none-eabi/10.3.1/../../../../arm-none-eabi/lib/thumb/v7e-m+fp/softfp\libc.a(lib_a-mprec.o)
                0x1000b1f8                __mcmp
 .text.__mdiff  0x1000b23c      0x14c c:/maximsdk/tools/gnutools/10.3/bin/../lib/gcc/arm-none-eabi/10.3.1/../../../../arm-none-eabi/lib/thumb/v7e-m+fp/softfp\libc.a(lib_a-mprec.o)
                0x1000b23c                __mdiff
 .text.__d2b    0x1000b388       0xc4 c:/maximsdk/tools/gnutools/10.3/bin/../lib/gcc/arm-none-eabi/10.3.1/../../../../arm-none-eabi/lib/thumb/v7e-m+fp/softfp\libc.a(lib_a-mprec.o)
                0x1000b388                __d2b
 .text._putc_r  0x1000b44c       0x74 c:/maximsdk/tools/gnutools/10.3/bin/../lib/gcc/arm-none-eabi/10.3.1/../../../../arm-none-eabi/lib/thumb/v7e-m+fp/softfp\libc.a(lib_a-putc.o)
                0x1000b44c                _putc_r
 .text._realloc_r
                0x1000b4c0      0x3d8 c:/maximsdk/tools/gnutools/10.3/bin/../lib/gcc/arm-none-eabi/10.3.1/../../../../arm-none-eabi/lib/thumb/v7e-m+fp/softfp\libc.a(lib_a-reallocr.o)
                0x1000b4c0                _realloc_r
 .text.frexp    0x1000b898       0x70 c:/maximsdk/tools/gnutools/10.3/bin/../lib/gcc/arm-none-eabi/10.3.1/../../../../arm-none-eabi/lib/thumb/v7e-m+fp/softfp\libc.a(lib_a-s_frexp.o)
                0x1000b898                frexp
 .text.__sread  0x1000b908       0x24 c:/maximsdk/tools/gnutools/10.3/bin/../lib/gcc/arm-none-eabi/10.3.1/../../../../arm-none-eabi/lib/thumb/v7e-m+fp/softfp\libc.a(lib_a-stdio.o)
                0x1000b908                __sread
 .text.__swrite
                0x1000b92c       0x40 c:/maximsdk/tools/gnutools/10.3/bin/../lib/gcc/arm-none-eabi/10.3.1/../../../../arm-none-eabi/lib/thumb/v7e-m+fp/softfp\libc.a(lib_a-stdio.o)
                0x1000b92c                __swrite
 .text.__sseek  0x1000b96c       0x20 c:/maximsdk/tools/gnutools/10.3/bin/../lib/gcc/arm-none-eabi/10.3.1/../../../../arm-none-eabi/lib/thumb/v7e-m+fp/softfp\libc.a(lib_a-stdio.o)
                0x1000b96c                __sseek
 .text.__sclose
                0x1000b98c        0x8 c:/maximsdk/tools/gnutools/10.3/bin/../lib/gcc/arm-none-eabi/10.3.1/../../../../arm-none-eabi/lib/thumb/v7e-m+fp/softfp\libc.a(lib_a-stdio.o)
                0x1000b98c                __sclose
 .text.strncpy  0x1000b994       0x64 c:/maximsdk/tools/gnutools/10.3/bin/../lib/gcc/arm-none-eabi/10.3.1/../../../../arm-none-eabi/lib/thumb/v7e-m+fp/softfp\libc.a(lib_a-strncpy.o)
                0x1000b994                strncpy
 .text.__ssprint_r
                0x1000b9f8       0xf8 c:/maximsdk/tools/gnutools/10.3/bin/../lib/gcc/arm-none-eabi/10.3.1/../../../../arm-none-eabi/lib/thumb/v7e-m+fp/softfp\libc.a(lib_a-svfiprintf.o)
                0x1000b9f8                __ssprint_r
 .text.__sprint_r.part.0
                0x1000baf0       0x78 c:/maximsdk/tools/gnutools/10.3/bin/../lib/gcc/arm-none-eabi/10.3.1/../../../../arm-none-eabi/lib/thumb/v7e-m+fp/softfp\libc.a(lib_a-vfiprintf.o)
 .text.__sprint_r
                0x1000bb68       0x18 c:/maximsdk/tools/gnutools/10.3/bin/../lib/gcc/arm-none-eabi/10.3.1/../../../../arm-none-eabi/lib/thumb/v7e-m+fp/softfp\libc.a(lib_a-vfiprintf.o)
                0x1000bb68                __sprint_r
 .text._vfiprintf_r
                0x1000bb80      0xdfc c:/maximsdk/tools/gnutools/10.3/bin/../lib/gcc/arm-none-eabi/10.3.1/../../../../arm-none-eabi/lib/thumb/v7e-m+fp/softfp\libc.a(lib_a-vfiprintf.o)
                0x1000bb80                _vfiprintf_r
 .text.__sbprintf
                0x1000c97c       0x80 c:/maximsdk/tools/gnutools/10.3/bin/../lib/gcc/arm-none-eabi/10.3.1/../../../../arm-none-eabi/lib/thumb/v7e-m+fp/softfp\libc.a(lib_a-vfiprintf.o)
 .text.__swbuf_r
                0x1000c9fc       0xb0 c:/maximsdk/tools/gnutools/10.3/bin/../lib/gcc/arm-none-eabi/10.3.1/../../../../arm-none-eabi/lib/thumb/v7e-m+fp/softfp\libc.a(lib_a-wbuf.o)
                0x1000c9fc                __swbuf_r
 .text._write_r
                0x1000caac       0x2c c:/maximsdk/tools/gnutools/10.3/bin/../lib/gcc/arm-none-eabi/10.3.1/../../../../arm-none-eabi/lib/thumb/v7e-m+fp/softfp\libc.a(lib_a-writer.o)
                0x1000caac                _write_r
 .text.__register_exitproc
                0x1000cad8       0x8c c:/maximsdk/tools/gnutools/10.3/bin/../lib/gcc/arm-none-eabi/10.3.1/../../../../arm-none-eabi/lib/thumb/v7e-m+fp/softfp\libc.a(lib_a-__atexit.o)
                0x1000cad8                __register_exitproc
 .text.__assert_func
                0x1000cb64       0x40 c:/maximsdk/tools/gnutools/10.3/bin/../lib/gcc/arm-none-eabi/10.3.1/../../../../arm-none-eabi/lib/thumb/v7e-m+fp/softfp\libc.a(lib_a-assert.o)
                0x1000cb64                __assert_func
 .text._calloc_r
                0x1000cba4       0x78 c:/maximsdk/tools/gnutools/10.3/bin/../lib/gcc/arm-none-eabi/10.3.1/../../../../arm-none-eabi/lib/thumb/v7e-m+fp/softfp\libc.a(lib_a-callocr.o)
                0x1000cba4                _calloc_r
 .text._close_r
                0x1000cc1c       0x24 c:/maximsdk/tools/gnutools/10.3/bin/../lib/gcc/arm-none-eabi/10.3.1/../../../../arm-none-eabi/lib/thumb/v7e-m+fp/softfp\libc.a(lib_a-closer.o)
                0x1000cc1c                _close_r
 .text._fclose_r
                0x1000cc40       0xcc c:/maximsdk/tools/gnutools/10.3/bin/../lib/gcc/arm-none-eabi/10.3.1/../../../../arm-none-eabi/lib/thumb/v7e-m+fp/softfp\libc.a(lib_a-fclose.o)
                0x1000cc40                _fclose_r
 .text.fiprintf
                0x1000cd0c       0x28 c:/maximsdk/tools/gnutools/10.3/bin/../lib/gcc/arm-none-eabi/10.3.1/../../../../arm-none-eabi/lib/thumb/v7e-m+fp/softfp\libc.a(lib_a-fiprintf.o)
                0x1000cd0c                fiprintf
 .text.__fputwc
                0x1000cd34       0xa8 c:/maximsdk/tools/gnutools/10.3/bin/../lib/gcc/arm-none-eabi/10.3.1/../../../../arm-none-eabi/lib/thumb/v7e-m+fp/softfp\libc.a(lib_a-fputwc.o)
                0x1000cd34                __fputwc
 .text._fputwc_r
                0x1000cddc       0x68 c:/maximsdk/tools/gnutools/10.3/bin/../lib/gcc/arm-none-eabi/10.3.1/../../../../arm-none-eabi/lib/thumb/v7e-m+fp/softfp\libc.a(lib_a-fputwc.o)
                0x1000cddc                _fputwc_r
 .text._fstat_r
                0x1000ce44       0x2c c:/maximsdk/tools/gnutools/10.3/bin/../lib/gcc/arm-none-eabi/10.3.1/../../../../arm-none-eabi/lib/thumb/v7e-m+fp/softfp\libc.a(lib_a-fstatr.o)
                0x1000ce44                _fstat_r
 .text._isatty_r
                0x1000ce70       0x24 c:/maximsdk/tools/gnutools/10.3/bin/../lib/gcc/arm-none-eabi/10.3.1/../../../../arm-none-eabi/lib/thumb/v7e-m+fp/softfp\libc.a(lib_a-isattyr.o)
                0x1000ce70                _isatty_r
 .text.__locale_mb_cur_max
                0x1000ce94        0xc c:/maximsdk/tools/gnutools/10.3/bin/../lib/gcc/arm-none-eabi/10.3.1/../../../../arm-none-eabi/lib/thumb/v7e-m+fp/softfp\libc.a(lib_a-locale.o)
                0x1000ce94                __locale_mb_cur_max
 .text._lseek_r
                0x1000cea0       0x2c c:/maximsdk/tools/gnutools/10.3/bin/../lib/gcc/arm-none-eabi/10.3.1/../../../../arm-none-eabi/lib/thumb/v7e-m+fp/softfp\libc.a(lib_a-lseekr.o)
                0x1000cea0                _lseek_r
 .text.__ascii_mbtowc
                0x1000cecc       0x2c c:/maximsdk/tools/gnutools/10.3/bin/../lib/gcc/arm-none-eabi/10.3.1/../../../../arm-none-eabi/lib/thumb/v7e-m+fp/softfp\libc.a(lib_a-mbtowc_r.o)
                0x1000cecc                __ascii_mbtowc
 .text._read_r  0x1000cef8       0x2c c:/maximsdk/tools/gnutools/10.3/bin/../lib/gcc/arm-none-eabi/10.3.1/../../../../arm-none-eabi/lib/thumb/v7e-m+fp/softfp\libc.a(lib_a-readr.o)
                0x1000cef8                _read_r
 .text._wcrtomb_r
                0x1000cf24       0x3c c:/maximsdk/tools/gnutools/10.3/bin/../lib/gcc/arm-none-eabi/10.3.1/../../../../arm-none-eabi/lib/thumb/v7e-m+fp/softfp\libc.a(lib_a-wcrtomb.o)
                0x1000cf24                _wcrtomb_r
 .text.__ascii_wctomb
                0x1000cf60       0x1c c:/maximsdk/tools/gnutools/10.3/bin/../lib/gcc/arm-none-eabi/10.3.1/../../../../arm-none-eabi/lib/thumb/v7e-m+fp/softfp\libc.a(lib_a-wctomb_r.o)
                0x1000cf60                __ascii_wctomb
 .text.abort    0x1000cf7c       0x10 c:/maximsdk/tools/gnutools/10.3/bin/../lib/gcc/arm-none-eabi/10.3.1/../../../../arm-none-eabi/lib/thumb/v7e-m+fp/softfp\libc.a(lib_a-abort.o)
                0x1000cf7c                abort
 .text.raise    0x1000cf8c       0x5c c:/maximsdk/tools/gnutools/10.3/bin/../lib/gcc/arm-none-eabi/10.3.1/../../../../arm-none-eabi/lib/thumb/v7e-m+fp/softfp\libc.a(lib_a-signal.o)
                0x1000cf8c                raise
 .text._kill_r  0x1000cfe8       0x2c c:/maximsdk/tools/gnutools/10.3/bin/../lib/gcc/arm-none-eabi/10.3.1/../../../../arm-none-eabi/lib/thumb/v7e-m+fp/softfp\libc.a(lib_a-signalr.o)
                0x1000cfe8                _kill_r
 .text._getpid_r
                0x1000d014        0x4 c:/maximsdk/tools/gnutools/10.3/bin/../lib/gcc/arm-none-eabi/10.3.1/../../../../arm-none-eabi/lib/thumb/v7e-m+fp/softfp\libc.a(lib_a-signalr.o)
                0x1000d014                _getpid_r
 .text._exit    0x1000d018        0x4 c:/maximsdk/tools/gnutools/10.3/bin/../lib/gcc/arm-none-eabi/10.3.1/../../../../arm-none-eabi/lib/thumb/v7e-m+fp/softfp\libnosys.a(_exit.o)
                0x1000d018                _exit
 .text          0x1000d01c      0x378 c:/maximsdk/tools/gnutools/10.3/bin/../lib/gcc/arm-none-eabi/10.3.1/thumb/v7e-m+fp/softfp\libgcc.a(_arm_addsubdf3.o)
                0x1000d01c                __aeabi_drsub
                0x1000d024                __aeabi_dsub
                0x1000d024                __subdf3
                0x1000d028                __aeabi_dadd
                0x1000d028                __adddf3
                0x1000d2a0                __floatunsidf
                0x1000d2a0                __aeabi_ui2d
                0x1000d2c0                __floatsidf
                0x1000d2c0                __aeabi_i2d
                0x1000d2e4                __aeabi_f2d
                0x1000d2e4                __extendsfdf2
                0x1000d328                __floatundidf
                0x1000d328                __aeabi_ul2d
                0x1000d338                __floatdidf
                0x1000d338                __aeabi_l2d
 .text          0x1000d394      0x424 c:/maximsdk/tools/gnutools/10.3/bin/../lib/gcc/arm-none-eabi/10.3.1/thumb/v7e-m+fp/softfp\libgcc.a(_arm_muldivdf3.o)
                0x1000d394                __aeabi_dmul
                0x1000d394                __muldf3
                0x1000d5e8                __divdf3
                0x1000d5e8                __aeabi_ddiv
 .text          0x1000d7b8      0x110 c:/maximsdk/tools/gnutools/10.3/bin/../lib/gcc/arm-none-eabi/10.3.1/thumb/v7e-m+fp/softfp\libgcc.a(_arm_cmpdf2.o)
                0x1000d7b8                __gtdf2
                0x1000d7b8                __gedf2
                0x1000d7c0                __ltdf2
                0x1000d7c0                __ledf2
                0x1000d7c8                __nedf2
                0x1000d7c8                __eqdf2
                0x1000d7c8                __cmpdf2
                0x1000d844                __aeabi_cdrcmple
                0x1000d854                __aeabi_cdcmpeq
                0x1000d854                __aeabi_cdcmple
                0x1000d864                __aeabi_dcmpeq
                0x1000d878                __aeabi_dcmplt
                0x1000d88c                __aeabi_dcmple
                0x1000d8a0                __aeabi_dcmpge
                0x1000d8b4                __aeabi_dcmpgt
 .text          0x1000d8c8       0x2c c:/maximsdk/tools/gnutools/10.3/bin/../lib/gcc/arm-none-eabi/10.3.1/thumb/v7e-m+fp/softfp\libgcc.a(_arm_unorddf2.o)
                0x1000d8c8                __unorddf2
                0x1000d8c8                __aeabi_dcmpun
 .text          0x1000d8f4       0x50 c:/maximsdk/tools/gnutools/10.3/bin/../lib/gcc/arm-none-eabi/10.3.1/thumb/v7e-m+fp/softfp\libgcc.a(_arm_fixdfsi.o)
                0x1000d8f4                __aeabi_d2iz
                0x1000d8f4                __fixdfsi
 .text          0x1000d944       0xa0 c:/maximsdk/tools/gnutools/10.3/bin/../lib/gcc/arm-none-eabi/10.3.1/thumb/v7e-m+fp/softfp\libgcc.a(_aeabi_ldivmod.o)
                0x1000d944                __aeabi_ldivmod
 .text          0x1000d9e4       0x30 c:/maximsdk/tools/gnutools/10.3/bin/../lib/gcc/arm-none-eabi/10.3.1/thumb/v7e-m+fp/softfp\libgcc.a(_aeabi_uldivmod.o)
                0x1000d9e4                __aeabi_uldivmod
 .text          0x1000da14      0x2d0 c:/maximsdk/tools/gnutools/10.3/bin/../lib/gcc/arm-none-eabi/10.3.1/thumb/v7e-m+fp/softfp\libgcc.a(_udivmoddi4.o)
                0x1000da14                __udivmoddi4
 .text          0x1000dce4        0x4 c:/maximsdk/tools/gnutools/10.3/bin/../lib/gcc/arm-none-eabi/10.3.1/thumb/v7e-m+fp/softfp\libgcc.a(_dvmd_tls.o)
                0x1000dce4                __aeabi_idiv0
                0x1000dce4                __aeabi_ldiv0
 *(.rodata*)
 .rodata.kernels
                0x1000dce8     0xed34 c:/MaximSDK/Examples/MAX78000/CNN/cloud_types/build/cnn.o
 .rodata.capture_process_camera.str1.4
                0x1001ca1c       0x14 c:/MaximSDK/Examples/MAX78000/CNN/cloud_types/build/main.o
 .rodata.printUint32Data.str1.4
                0x1001ca30        0xb c:/MaximSDK/Examples/MAX78000/CNN/cloud_types/build/main.o
 *fill*         0x1001ca3b        0x1 
 .rodata.main.str1.4
                0x1001ca3c       0x22 c:/MaximSDK/Examples/MAX78000/CNN/cloud_types/build/main.o
 *fill*         0x1001ca5e        0x2 
 .rodata.classes
                0x1001ca60       0x30 c:/MaximSDK/Examples/MAX78000/CNN/cloud_types/build/main.o
                0x1001ca60                classes
 .rodata.mxc_assert.str1.4
                0x1001ca90       0x19 c:/MaximSDK/Examples/MAX78000/CNN/cloud_types/build/board.o
 *fill*         0x1001caa9        0x3 
 .rodata.Board_Init.str1.4
                0x1001caac       0x45 c:/MaximSDK/Examples/MAX78000/CNN/cloud_types/build/board.o
 *fill*         0x1001caf1        0x3 
 .rodata.led_pin
                0x1001caf4       0x24 c:/MaximSDK/Examples/MAX78000/CNN/cloud_types/build/board.o
                0x1001caf4                led_pin
 .rodata.num_leds
                0x1001cb18        0x4 c:/MaximSDK/Examples/MAX78000/CNN/cloud_types/build/board.o
                0x1001cb18                num_leds
 .rodata.num_pbs
                0x1001cb1c        0x4 c:/MaximSDK/Examples/MAX78000/CNN/cloud_types/build/board.o
                0x1001cb1c                num_pbs
 .rodata.pb_pin
                0x1001cb20       0x18 c:/MaximSDK/Examples/MAX78000/CNN/cloud_types/build/board.o
                0x1001cb20                pb_pin
 .rodata.LED_On.str1.4
                0x1001cb38       0x3b c:/MaximSDK/Examples/MAX78000/CNN/cloud_types/build/led.o
 *fill*         0x1001cb73        0x1 
 .rodata.camera_setup.str1.4
                0x1001cb74       0x1b c:/MaximSDK/Examples/MAX78000/CNN/cloud_types/build/camera.o
 *fill*         0x1001cb8f        0x1 
 .rodata.dump_registers.str1.4
                0x1001cb90       0x12 c:/MaximSDK/Examples/MAX78000/CNN/cloud_types/build/ov7692.o
 *fill*         0x1001cba2        0x2 
 .rodata.default_regs
                0x1001cba4       0x5e c:/MaximSDK/Examples/MAX78000/CNN/cloud_types/build/ov7692.o
 *fill*         0x1001cc02        0x2 
 .rodata.gpio_cfg_scl
                0x1001cc04        0xc c:/MaximSDK/Examples/MAX78000/CNN/cloud_types/build/sccb.o
 .rodata.gpio_cfg_sda
                0x1001cc10        0xc c:/MaximSDK/Examples/MAX78000/CNN/cloud_types/build/sccb.o
 .rodata.gpio_cfg_extclk
                0x1001cc1c        0xc C:/MaximSDK/Libraries/PeriphDrivers/bin/MAX78000/softfp/libPeriphDriver_softfp.a(pins_ai85.o)
                0x1001cc1c                gpio_cfg_extclk
 .rodata.gpio_cfg_i2c0
                0x1001cc28        0xc C:/MaximSDK/Libraries/PeriphDrivers/bin/MAX78000/softfp/libPeriphDriver_softfp.a(pins_ai85.o)
                0x1001cc28                gpio_cfg_i2c0
 .rodata.gpio_cfg_i2c1
                0x1001cc34        0xc C:/MaximSDK/Libraries/PeriphDrivers/bin/MAX78000/softfp/libPeriphDriver_softfp.a(pins_ai85.o)
                0x1001cc34                gpio_cfg_i2c1
 .rodata.gpio_cfg_i2c2
                0x1001cc40        0xc C:/MaximSDK/Libraries/PeriphDrivers/bin/MAX78000/softfp/libPeriphDriver_softfp.a(pins_ai85.o)
                0x1001cc40                gpio_cfg_i2c2
 .rodata.gpio_cfg_pcif_P0_BITS_0_7
                0x1001cc4c        0xc C:/MaximSDK/Libraries/PeriphDrivers/bin/MAX78000/softfp/libPeriphDriver_softfp.a(pins_ai85.o)
                0x1001cc4c                gpio_cfg_pcif_P0_BITS_0_7
 .rodata.gpio_cfg_pcif_P0_BITS_8_9
                0x1001cc58        0xc C:/MaximSDK/Libraries/PeriphDrivers/bin/MAX78000/softfp/libPeriphDriver_softfp.a(pins_ai85.o)
                0x1001cc58                gpio_cfg_pcif_P0_BITS_8_9
 .rodata.gpio_cfg_pcif_P1_BITS_10_11
                0x1001cc64        0xc C:/MaximSDK/Libraries/PeriphDrivers/bin/MAX78000/softfp/libPeriphDriver_softfp.a(pins_ai85.o)
                0x1001cc64                gpio_cfg_pcif_P1_BITS_10_11
 .rodata.gpio_cfg_pcif_hsync
                0x1001cc70        0xc C:/MaximSDK/Libraries/PeriphDrivers/bin/MAX78000/softfp/libPeriphDriver_softfp.a(pins_ai85.o)
                0x1001cc70                gpio_cfg_pcif_hsync
 .rodata.gpio_cfg_pcif_vsync
                0x1001cc7c        0xc C:/MaximSDK/Libraries/PeriphDrivers/bin/MAX78000/softfp/libPeriphDriver_softfp.a(pins_ai85.o)
                0x1001cc7c                gpio_cfg_pcif_vsync
 .rodata.gpio_cfg_pcif_xclk
                0x1001cc88        0xc C:/MaximSDK/Libraries/PeriphDrivers/bin/MAX78000/softfp/libPeriphDriver_softfp.a(pins_ai85.o)
                0x1001cc88                gpio_cfg_pcif_xclk
 .rodata.gpio_cfg_pt0
                0x1001cc94        0xc C:/MaximSDK/Libraries/PeriphDrivers/bin/MAX78000/softfp/libPeriphDriver_softfp.a(pins_ai85.o)
                0x1001cc94                gpio_cfg_pt0
 .rodata.gpio_cfg_pt1
                0x1001cca0        0xc C:/MaximSDK/Libraries/PeriphDrivers/bin/MAX78000/softfp/libPeriphDriver_softfp.a(pins_ai85.o)
                0x1001cca0                gpio_cfg_pt1
 .rodata.gpio_cfg_pt2
                0x1001ccac        0xc C:/MaximSDK/Libraries/PeriphDrivers/bin/MAX78000/softfp/libPeriphDriver_softfp.a(pins_ai85.o)
                0x1001ccac                gpio_cfg_pt2
 .rodata.gpio_cfg_pt3
                0x1001ccb8        0xc C:/MaximSDK/Libraries/PeriphDrivers/bin/MAX78000/softfp/libPeriphDriver_softfp.a(pins_ai85.o)
                0x1001ccb8                gpio_cfg_pt3
 .rodata.gpio_cfg_tmr0
                0x1001ccc4        0xc C:/MaximSDK/Libraries/PeriphDrivers/bin/MAX78000/softfp/libPeriphDriver_softfp.a(pins_ai85.o)
                0x1001ccc4                gpio_cfg_tmr0
 .rodata.gpio_cfg_tmr0b
                0x1001ccd0        0xc C:/MaximSDK/Libraries/PeriphDrivers/bin/MAX78000/softfp/libPeriphDriver_softfp.a(pins_ai85.o)
                0x1001ccd0                gpio_cfg_tmr0b
 .rodata.gpio_cfg_tmr1
                0x1001ccdc        0xc C:/MaximSDK/Libraries/PeriphDrivers/bin/MAX78000/softfp/libPeriphDriver_softfp.a(pins_ai85.o)
                0x1001ccdc                gpio_cfg_tmr1
 .rodata.gpio_cfg_tmr1b
                0x1001cce8        0xc C:/MaximSDK/Libraries/PeriphDrivers/bin/MAX78000/softfp/libPeriphDriver_softfp.a(pins_ai85.o)
                0x1001cce8                gpio_cfg_tmr1b
 .rodata.gpio_cfg_tmr2
                0x1001ccf4        0xc C:/MaximSDK/Libraries/PeriphDrivers/bin/MAX78000/softfp/libPeriphDriver_softfp.a(pins_ai85.o)
                0x1001ccf4                gpio_cfg_tmr2
 .rodata.gpio_cfg_tmr2b
                0x1001cd00        0xc C:/MaximSDK/Libraries/PeriphDrivers/bin/MAX78000/softfp/libPeriphDriver_softfp.a(pins_ai85.o)
                0x1001cd00                gpio_cfg_tmr2b
 .rodata.gpio_cfg_tmr3
                0x1001cd0c        0xc C:/MaximSDK/Libraries/PeriphDrivers/bin/MAX78000/softfp/libPeriphDriver_softfp.a(pins_ai85.o)
                0x1001cd0c                gpio_cfg_tmr3
 .rodata.gpio_cfg_tmr3b
                0x1001cd18        0xc C:/MaximSDK/Libraries/PeriphDrivers/bin/MAX78000/softfp/libPeriphDriver_softfp.a(pins_ai85.o)
                0x1001cd18                gpio_cfg_tmr3b
 .rodata.gpio_cfg_tmr4
                0x1001cd24        0xc C:/MaximSDK/Libraries/PeriphDrivers/bin/MAX78000/softfp/libPeriphDriver_softfp.a(pins_ai85.o)
                0x1001cd24                gpio_cfg_tmr4
 .rodata.gpio_cfg_tmr5
                0x1001cd30        0xc C:/MaximSDK/Libraries/PeriphDrivers/bin/MAX78000/softfp/libPeriphDriver_softfp.a(pins_ai85.o)
                0x1001cd30                gpio_cfg_tmr5
 .rodata.gpio_cfg_uart0
                0x1001cd3c        0xc C:/MaximSDK/Libraries/PeriphDrivers/bin/MAX78000/softfp/libPeriphDriver_softfp.a(pins_ai85.o)
                0x1001cd3c                gpio_cfg_uart0
 .rodata.gpio_cfg_uart1
                0x1001cd48        0xc C:/MaximSDK/Libraries/PeriphDrivers/bin/MAX78000/softfp/libPeriphDriver_softfp.a(pins_ai85.o)
                0x1001cd48                gpio_cfg_uart1
 .rodata.gpio_cfg_uart2
                0x1001cd54        0xc C:/MaximSDK/Libraries/PeriphDrivers/bin/MAX78000/softfp/libPeriphDriver_softfp.a(pins_ai85.o)
                0x1001cd54                gpio_cfg_uart2
 .rodata.gpio_cfg_uart3
                0x1001cd60        0xc C:/MaximSDK/Libraries/PeriphDrivers/bin/MAX78000/softfp/libPeriphDriver_softfp.a(pins_ai85.o)
                0x1001cd60                gpio_cfg_uart3
 .rodata.MXC_DMA_RevA_Init.str1.4
                0x1001cd6c       0x51 C:/MaximSDK/Libraries/PeriphDrivers/bin/MAX78000/softfp/libPeriphDriver_softfp.a(dma_reva.o)
 *fill*         0x1001cdbd        0x3 
 .rodata.MXC_PT_Init.str1.4
                0x1001cdc0       0x55 C:/MaximSDK/Libraries/PeriphDrivers/bin/MAX78000/softfp/libPeriphDriver_softfp.a(pt_ai85.o)
 *fill*         0x1001ce15        0x3 
 .rodata.MXC_PT_RevA_Config.str1.4
                0x1001ce18       0x51 C:/MaximSDK/Libraries/PeriphDrivers/bin/MAX78000/softfp/libPeriphDriver_softfp.a(pt_reva.o)
 *fill*         0x1001ce69        0x3 
 .rodata.MXC_TMR_Init.str1.4
                0x1001ce6c       0x50 C:/MaximSDK/Libraries/PeriphDrivers/bin/MAX78000/softfp/libPeriphDriver_softfp.a(tmr_ai85.o)
 .rodata.MXC_TMR_RevB_SetClockSourceFreq.str1.4
                0x1001cebc       0x43 C:/MaximSDK/Libraries/PeriphDrivers/bin/MAX78000/softfp/libPeriphDriver_softfp.a(tmr_revb.o)
                                 0x50 (size before relaxing)
 *fill*         0x1001ceff        0x1 
 .rodata.MXC_UART_RevB_Init.str1.4
                0x1001cf00       0x77 C:/MaximSDK/Libraries/PeriphDrivers/bin/MAX78000/softfp/libPeriphDriver_softfp.a(uart_revb.o)
 *fill*         0x1001cf77        0x1 
 .rodata.MXC_GPIO_Common_Handler.str1.4
                0x1001cf78       0x66 C:/MaximSDK/Libraries/PeriphDrivers/bin/MAX78000/softfp/libPeriphDriver_softfp.a(gpio_common.o)
 *fill*         0x1001cfde        0x2 
 .rodata._global_impure_ptr
                0x1001cfe0        0x4 c:/maximsdk/tools/gnutools/10.3/bin/../lib/gcc/arm-none-eabi/10.3.1/../../../../arm-none-eabi/lib/thumb/v7e-m+fp/softfp\libc.a(lib_a-impure.o)
                0x1001cfe0                _global_impure_ptr
 .rodata._puts_r.str1.4
                0x1001cfe4        0x2 c:/maximsdk/tools/gnutools/10.3/bin/../lib/gcc/arm-none-eabi/10.3.1/../../../../arm-none-eabi/lib/thumb/v7e-m+fp/softfp\libc.a(lib_a-puts.o)
 *fill*         0x1001cfe6        0x2 
 .rodata._svfprintf_r.str1.4
                0x1001cfe8       0x42 c:/maximsdk/tools/gnutools/10.3/bin/../lib/gcc/arm-none-eabi/10.3.1/../../../../arm-none-eabi/lib/thumb/v7e-m+fp/softfp\libc.a(lib_a-svfprintf.o)
 *fill*         0x1001d02a        0x2 
 .rodata.blanks.1
                0x1001d02c       0x10 c:/maximsdk/tools/gnutools/10.3/bin/../lib/gcc/arm-none-eabi/10.3.1/../../../../arm-none-eabi/lib/thumb/v7e-m+fp/softfp\libc.a(lib_a-svfprintf.o)
 .rodata.zeroes.0
                0x1001d03c       0x10 c:/maximsdk/tools/gnutools/10.3/bin/../lib/gcc/arm-none-eabi/10.3.1/../../../../arm-none-eabi/lib/thumb/v7e-m+fp/softfp\libc.a(lib_a-svfprintf.o)
 .rodata._vfprintf_r.str1.4
                0x1001d04c       0x42 c:/maximsdk/tools/gnutools/10.3/bin/../lib/gcc/arm-none-eabi/10.3.1/../../../../arm-none-eabi/lib/thumb/v7e-m+fp/softfp\libc.a(lib_a-vfprintf.o)
 .rodata.blanks.1
                0x1001d04c       0x10 c:/maximsdk/tools/gnutools/10.3/bin/../lib/gcc/arm-none-eabi/10.3.1/../../../../arm-none-eabi/lib/thumb/v7e-m+fp/softfp\libc.a(lib_a-vfprintf.o)
 .rodata.zeroes.0
                0x1001d05c       0x10 c:/maximsdk/tools/gnutools/10.3/bin/../lib/gcc/arm-none-eabi/10.3.1/../../../../arm-none-eabi/lib/thumb/v7e-m+fp/softfp\libc.a(lib_a-vfprintf.o)
 .rodata._dtoa_r.str1.4
                0x1001d06c       0xa2 c:/maximsdk/tools/gnutools/10.3/bin/../lib/gcc/arm-none-eabi/10.3.1/../../../../arm-none-eabi/lib/thumb/v7e-m+fp/softfp\libc.a(lib_a-dtoa.o)
                                 0xa6 (size before relaxing)
 *fill*         0x1001d10e        0x2 
 .rodata.__multadd.str1.4
                0x1001d110       0x7f c:/maximsdk/tools/gnutools/10.3/bin/../lib/gcc/arm-none-eabi/10.3.1/../../../../arm-none-eabi/lib/thumb/v7e-m+fp/softfp\libc.a(lib_a-mprec.o)
                                 0x93 (size before relaxing)
 *fill*         0x1001d18f        0x1 
 .rodata.__mprec_bigtens
                0x1001d190       0x28 c:/maximsdk/tools/gnutools/10.3/bin/../lib/gcc/arm-none-eabi/10.3.1/../../../../arm-none-eabi/lib/thumb/v7e-m+fp/softfp\libc.a(lib_a-mprec.o)
                0x1001d190                __mprec_bigtens
 .rodata.__mprec_tens
                0x1001d1b8       0xc8 c:/maximsdk/tools/gnutools/10.3/bin/../lib/gcc/arm-none-eabi/10.3.1/../../../../arm-none-eabi/lib/thumb/v7e-m+fp/softfp\libc.a(lib_a-mprec.o)
                0x1001d1b8                __mprec_tens
 .rodata.p05.0  0x1001d280        0xc c:/maximsdk/tools/gnutools/10.3/bin/../lib/gcc/arm-none-eabi/10.3.1/../../../../arm-none-eabi/lib/thumb/v7e-m+fp/softfp\libc.a(lib_a-mprec.o)
 .rodata._vfiprintf_r.str1.4